Archive member included to satisfy reference by file (symbol)

/opt/devkitpro/libctru/lib/libctru.a(console.o)
                              main.o (consoleSelect)
/opt/devkitpro/libctru/lib/libctru.a(gfx.o)
                              /opt/devkitpro/libctru/lib/libctru.a(console.o) (gfxIsWide)
/opt/devkitpro/libctru/lib/libctru.a(gspgpu.o)
                              /opt/devkitpro/libctru/lib/libctru.a(gfx.o) (gspInit)
/opt/devkitpro/libctru/lib/libctru.a(apt.o)
                              main.o (aptMainLoop)
/opt/devkitpro/libctru/lib/libctru.a(hid.o)
                              main.o (hidScanInput)
/opt/devkitpro/libctru/lib/libctru.a(ctru_init.o)
                              /opt/devkitpro/libctru/lib/libctru.a(apt.o) (__system_retAddr)
/opt/devkitpro/libctru/lib/libctru.a(initArgv.o)
                              /opt/devkitpro/libctru/lib/libctru.a(ctru_init.o) (__system_initArgv)
/opt/devkitpro/libctru/lib/libctru.a(svc.o)
                              /opt/devkitpro/libctru/lib/libctru.a(apt.o) (svcSleepThread)
/opt/devkitpro/libctru/lib/libctru.a(stack_adjust.o)
                              /opt/devkitpro/devkitARM/bin/../lib/gcc/arm-none-eabi/12.2.0/../../../../arm-none-eabi/lib/armv6k/fpu/3dsx_crt0.o (initSystem)
/opt/devkitpro/libctru/lib/libctru.a(default_font.bin.o)
                              /opt/devkitpro/libctru/lib/libctru.a(console.o) (default_font_bin)
/opt/devkitpro/libctru/lib/libctru.a(vram.o)
                              /opt/devkitpro/libctru/lib/libctru.a(gfx.o) (vramAlloc)
/opt/devkitpro/libctru/lib/libctru.a(linear.o)
                              /opt/devkitpro/libctru/lib/libctru.a(gfx.o) (linearAlloc)
/opt/devkitpro/libctru/lib/libctru.a(mem_pool.o)
                              /opt/devkitpro/libctru/lib/libctru.a(vram.o) (MemPool::Allocate(MemChunk&, unsigned long, int))
/opt/devkitpro/libctru/lib/libctru.a(synchronization.o)
                              /opt/devkitpro/libctru/lib/libctru.a(ctru_init.o) (__sync_init)
/opt/devkitpro/libctru/lib/libctru.a(os.o)
                              /opt/devkitpro/libctru/lib/libctru.a(apt.o) (__ctru_speedup_config)
/opt/devkitpro/libctru/lib/libctru.a(3dslink.o)
                              /opt/devkitpro/libctru/lib/libctru.a(initArgv.o) (__3dslink_host)
/opt/devkitpro/libctru/lib/libctru.a(srv.o)
                              /opt/devkitpro/libctru/lib/libctru.a(apt.o) (srvInit)
/opt/devkitpro/libctru/lib/libctru.a(thread.o)
                              /opt/devkitpro/libctru/lib/libctru.a(gspgpu.o) (threadCreate)
/opt/devkitpro/libctru/lib/libctru.a(mappable.o)
                              /opt/devkitpro/libctru/lib/libctru.a(gspgpu.o) (mappableAlloc)
/opt/devkitpro/libctru/lib/libctru.a(irrst.o)
                              /opt/devkitpro/libctru/lib/libctru.a(hid.o) (irrstInit)
/opt/devkitpro/libctru/lib/libctru.a(srvpm.o)
                              /opt/devkitpro/libctru/lib/libctru.a(srv.o) (srvPmGetSessionHandle)
/opt/devkitpro/libctru/lib/libctru.a(ptmsysm.o)
                              /opt/devkitpro/libctru/lib/libctru.a(os.o) (ptmSysmInit)
/opt/devkitpro/libctru/lib/libctru.a(soc_socket.o)
                              /opt/devkitpro/libctru/lib/libctru.a(3dslink.o) (socket)
/opt/devkitpro/libctru/lib/libctru.a(soc_connect.o)
                              /opt/devkitpro/libctru/lib/libctru.a(3dslink.o) (connect)
/opt/devkitpro/libctru/lib/libctru.a(soc_common.o)
                              /opt/devkitpro/libctru/lib/libctru.a(soc_socket.o) (_net_convert_error)
/opt/devkitpro/libctru/lib/libctru.a(rbtree_init.o)
                              /opt/devkitpro/libctru/lib/libctru.a(vram.o) (rbtree_init)
/opt/devkitpro/libctru/lib/libctru.a(rbtree_insert.o)
                              /opt/devkitpro/libctru/lib/libctru.a(vram.o) (rbtree_insert)
/opt/devkitpro/libctru/lib/libctru.a(rbtree_rotate.o)
                              /opt/devkitpro/libctru/lib/libctru.a(rbtree_insert.o) (rbtree_rotate)
/opt/devkitpro/libctru/lib/libctru.a(rbtree_remove.o)
                              /opt/devkitpro/libctru/lib/libctru.a(vram.o) (rbtree_remove)
/opt/devkitpro/libctru/lib/libctru.a(rbtree_find.o)
                              /opt/devkitpro/libctru/lib/libctru.a(vram.o) (rbtree_find)
/opt/devkitpro/libctru/lib/libctru.a(appInit.o)
                              /opt/devkitpro/libctru/lib/libctru.a(stack_adjust.o) (__appInit)
/opt/devkitpro/libctru/lib/libctru.a(syscalls.o)
                              /opt/devkitpro/libctru/lib/libctru.a(thread.o) (initThreadVars)
/opt/devkitpro/libctru/lib/libctru.a(allocateHeaps.o)
                              /opt/devkitpro/libctru/lib/libctru.a(ctru_init.o) (__system_allocateHeaps)
/opt/devkitpro/libctru/lib/libctru.a(appExit.o)
                              /opt/devkitpro/libctru/lib/libctru.a(stack_adjust.o) (__appExit)
/opt/devkitpro/libctru/lib/libctru.a(ctru_exit.o)
[...]
Memory Configuration

Name             Origin             Length             Attributes
*default*        0x0000000000000000 0xffffffffffffffff

Linker script and memory map

                0x0000000000100000                PROVIDE (__start__ = 0x100000)
                0x0000000000100000                . = __start__

.text           0x0000000000100000    0x21400
 *(.crt0)
 .crt0          0x0000000000100000       0x94 /opt/devkitpro/devkitARM/bin/../lib/gcc/arm-none-eabi/12.2.0/../../../../arm-none-eabi/lib/armv6k/fpu/3dsx_crt0.o
                0x0000000000100000                _start
                0x0000000000100008                __service_ptr
                0x000000000010000c                __apt_appid
                0x0000000000100010                __heap_size
                0x0000000000100014                __linear_heap_size
                0x0000000000100018                __system_arglist
                0x000000000010001c                __system_runflags
 *(.init)
 .init          0x0000000000100094        0xc /opt/devkitpro/devkitARM/bin/../lib/gcc/arm-none-eabi/12.2.0/armv6k/fpu/crti.o
                0x0000000000100094                _init
 .init          0x00000000001000a0        0xc /opt/devkitpro/devkitARM/bin/../lib/gcc/arm-none-eabi/12.2.0/armv6k/fpu/crtn.o
                0x00000000001000ac                . = ALIGN (0x4)
 *(.text)
 .text          0x00000000001000ac      0x240 /opt/devkitpro/devkitARM/bin/../lib/gcc/arm-none-eabi/12.2.0/armv6k/fpu/libgcc.a(_divsi3.o)
                0x00000000001000ac                __aeabi_idiv
                0x00000000001000ac                __divsi3
                0x00000000001002cc                __aeabi_idivmod
 .text          0x00000000001002ec        0x4 /opt/devkitpro/devkitARM/bin/../lib/gcc/arm-none-eabi/12.2.0/armv6k/fpu/libgcc.a(_dvmd_tls.o)
                0x00000000001002ec                __aeabi_ldiv0
                0x00000000001002ec                __aeabi_idiv0
 .text          0x00000000001002f0       0x3c /opt/devkitpro/devkitARM/bin/../lib/gcc/arm-none-eabi/12.2.0/armv6k/fpu/libgcc.a(_aeabi_uldivmod.o)
                0x00000000001002f0                __aeabi_uldivmod
 *fill*         0x000000000010032c       0x14 
 .text          0x0000000000100340      0x390 /opt/devkitpro/devkitARM/bin/../lib/gcc/arm-none-eabi/12.2.0/../../../../arm-none-eabi/lib/armv6k/fpu/libg.a(lib_a-strcmp.o)
                0x0000000000100348                strcmp
 .text          0x00000000001006d0      0x20c /opt/devkitpro/devkitARM/bin/../lib/gcc/arm-none-eabi/12.2.0/armv6k/fpu/libgcc.a(_udivsi3.o)
                0x00000000001006d0                __udivsi3
                0x00000000001006d0                __aeabi_uidiv
                0x00000000001008bc                __aeabi_uidivmod
 .text          0x00000000001008dc      0x3c0 /opt/devkitpro/devkitARM/bin/../lib/gcc/arm-none-eabi/12.2.0/armv6k/fpu/libgcc.a(_arm_addsubdf3.o)
                0x00000000001008dc                __aeabi_drsub
                0x00000000001008e4                __aeabi_dsub
                0x00000000001008e4                __subdf3
                0x00000000001008e8                __adddf3
                0x00000000001008e8                __aeabi_dadd
                0x0000000000100b94                __aeabi_ui2d
                0x0000000000100b94                __floatunsidf
                0x0000000000100bb8                __floatsidf
                0x0000000000100bb8                __aeabi_i2d
                0x0000000000100be0                __extendsfdf2
                0x0000000000100be0                __aeabi_f2d
                0x0000000000100c28                __aeabi_ul2d
                0x0000000000100c28                __floatundidf
                0x0000000000100c3c                __floatdidf
                0x0000000000100c3c                __aeabi_l2d
 *(.text.*)
 .text.__do_global_dtors_aux
                0x0000000000100c9c       0x40 /opt/devkitpro/devkitARM/bin/../lib/gcc/arm-none-eabi/12.2.0/armv6k/fpu/crtbegin.o
 .text.frame_dummy
                0x0000000000100cdc       0x2c /opt/devkitpro/devkitARM/bin/../lib/gcc/arm-none-eabi/12.2.0/armv6k/fpu/crtbegin.o
 .text.startup.main
                0x0000000000100d08      0x3a0 main.o
                0x0000000000100d08                main
 .text.MainMenu
                0x00000000001010a8       0x7c menus.o
                0x00000000001010a8                MainMenu
 .text.LoaderMenu
                0x0000000000101124       0x3c menus.o
                0x0000000000101124                LoaderMenu
 .text.parseColor
                0x0000000000101160      0x1e8 /opt/devkitpro/libctru/lib/libctru.a(console.o)
 .text.consoleSelect
                0x0000000000101348       0x18 /opt/devkitpro/libctru/lib/libctru.a(console.o)
                0x0000000000101348                consoleSelect
 .text.consoleDrawChar
                0x0000000000101360      0x1ac /opt/devkitpro/libctru/lib/libctru.a(console.o)
                0x0000000000101360                consoleDrawChar
 .text.consolePrintChar
                0x000000000010150c      0x124 /opt/devkitpro/libctru/lib/libctru.a(console.o)
                0x000000000010150c                consolePrintChar
 .text.con_write
                0x0000000000101630      0xb94 /opt/devkitpro/libctru/lib/libctru.a(console.o)
                0x0000000000101630                con_write
 .text.newRow   0x00000000001021c4       0xfc /opt/devkitpro/libctru/lib/libctru.a(console.o)
 .text.consoleInit
                0x00000000001022c0      0x168 /opt/devkitpro/libctru/lib/libctru.a(console.o)
                0x00000000001022c0                consoleInit
 .text.consoleClear
                0x0000000000102428       0xbc /opt/devkitpro/libctru/lib/libctru.a(console.o)
                0x0000000000102428                consoleClear
 .text.gfxPresentFramebuffer
                0x00000000001024e4       0xd0 /opt/devkitpro/libctru/lib/libctru.a(gfx.o)
 .text.gfxIsWide
                0x00000000001025b4       0x1c /opt/devkitpro/libctru/lib/libctru.a(gfx.o)
                0x00000000001025b4                gfxIsWide
 .text.gfxSetScreenFormat
                0x00000000001025d0       0xec /opt/devkitpro/libctru/lib/libctru.a(gfx.o)
                0x00000000001025d0                gfxSetScreenFormat
 .text.gfxSetDoubleBuffering
                0x00000000001026bc       0x10 /opt/devkitpro/libctru/lib/libctru.a(gfx.o)
                0x00000000001026bc                gfxSetDoubleBuffering
 .text.gfxInit  0x00000000001026cc       0xe0 /opt/devkitpro/libctru/lib/libctru.a(gfx.o)
                0x00000000001026cc                gfxInit
 .text.gfxInitDefault
                0x00000000001027ac       0x10 /opt/devkitpro/libctru/lib/libctru.a(gfx.o)
                0x00000000001027ac                gfxInitDefault
 .text.gfxExit  0x00000000001027bc       0xb4 /opt/devkitpro/libctru/lib/libctru.a(gfx.o)
                0x00000000001027bc                gfxExit
 .text.gfxGetFramebuffer
                0x0000000000102870       0xa0 /opt/devkitpro/libctru/lib/libctru.a(gfx.o)
                0x0000000000102870                gfxGetFramebuffer
 .text.gfxFlushBuffers
                0x0000000000102910      0x104 /opt/devkitpro/libctru/lib/libctru.a(gfx.o)
                0x0000000000102910                gfxFlushBuffers
 .text.gfxSwapBuffers
                0x0000000000102a14       0x50 /opt/devkitpro/libctru/lib/libctru.a(gfx.o)
                0x0000000000102a14                gfxSwapBuffers
 .text.gfxSwapBuffersGpu
                0x0000000000102a64       0x50 /opt/devkitpro/libctru/lib/libctru.a(gfx.o)
                0x0000000000102a64                gfxSwapBuffersGpu
 .text.gspHardwareInit
                0x0000000000102ab4      0xc58 /opt/devkitpro/libctru/lib/libctru.a(gspgpu.o)
 .text.gspInit  0x000000000010370c      0x248 /opt/devkitpro/libctru/lib/libctru.a(gspgpu.o)
                0x000000000010370c                gspInit
 .text.gspExit  0x0000000000103954       0xf0 /opt/devkitpro/libctru/lib/libctru.a(gspgpu.o)
                0x0000000000103954                gspExit
 .text.gspHasGpuRight
                0x0000000000103a44       0x10 /opt/devkitpro/libctru/lib/libctru.a(gspgpu.o)
                0x0000000000103a44                gspHasGpuRight
 .text.gspPresentBuffer
                0x0000000000103a54       0xa0 /opt/devkitpro/libctru/lib/libctru.a(gspgpu.o)
                0x0000000000103a54                gspPresentBuffer
 .text.gspWaitForEvent
                0x0000000000103af4       0x44 /opt/devkitpro/libctru/lib/libctru.a(gspgpu.o)
                0x0000000000103af4                gspWaitForEvent
 .text.gxCmdQueueInterrupt
                0x0000000000103b38        0x4 /opt/devkitpro/libctru/lib/libctru.a(gspgpu.o)
                0x0000000000103b38                gxCmdQueueInterrupt
 .text.gspEventThreadMain
                0x0000000000103b3c      0x158 /opt/devkitpro/libctru/lib/libctru.a(gspgpu.o)
 .text.GSPGPU_FlushDataCache
                0x0000000000103c94       0x50 /opt/devkitpro/libctru/lib/libctru.a(gspgpu.o)
                0x0000000000103c94                GSPGPU_FlushDataCache
 .text.GSPGPU_SetLcdForceBlack
                0x0000000000103ce4       0x34 /opt/devkitpro/libctru/lib/libctru.a(gspgpu.o)
                0x0000000000103ce4                GSPGPU_SetLcdForceBlack
 .text.GSPGPU_AcquireRight
                0x0000000000103d18       0x68 /opt/devkitpro/libctru/lib/libctru.a(gspgpu.o)
                0x0000000000103d18                GSPGPU_AcquireRight
 .text.GSPGPU_ReleaseRight
                0x0000000000103d80       0x48 /opt/devkitpro/libctru/lib/libctru.a(gspgpu.o)
                0x0000000000103d80                GSPGPU_ReleaseRight
 .text.GSPGPU_ImportDisplayCaptureInfo
                0x0000000000103dc8       0x7c /opt/devkitpro/libctru/lib/libctru.a(gspgpu.o)
                0x0000000000103dc8                GSPGPU_ImportDisplayCaptureInfo
 .text.GSPGPU_SaveVramSysArea
                0x0000000000103e44       0x2c /opt/devkitpro/libctru/lib/libctru.a(gspgpu.o)
                0x0000000000103e44                GSPGPU_SaveVramSysArea
 .text.GSPGPU_RestoreVramSysArea
                0x0000000000103e70       0x2c /opt/devkitpro/libctru/lib/libctru.a(gspgpu.o)
                0x0000000000103e70                GSPGPU_RestoreVramSysArea
 .text.aptConvertScreenForCapture
                0x0000000000103e9c      0x1a4 /opt/devkitpro/libctru/lib/libctru.a(apt.o)
 .text.aptDspSleep
                0x0000000000104040        0x8 /opt/devkitpro/libctru/lib/libctru.a(apt.o)
                0x0000000000104040                aptDspSleep
 .text.aptDspWakeup
                0x0000000000104048        0x4 /opt/devkitpro/libctru/lib/libctru.a(apt.o)
                0x0000000000104048                aptDspWakeup
 .text.aptDspCancel
                0x000000000010404c        0x4 /opt/devkitpro/libctru/lib/libctru.a(apt.o)
                0x000000000010404c                aptDspCancel
 .text.aptSendCommand
                0x0000000000104050      0x158 /opt/devkitpro/libctru/lib/libctru.a(apt.o)
                0x0000000000104050                aptSendCommand
 .text.aptExitProcess
                0x00000000001041a8       0x44 /opt/devkitpro/libctru/lib/libctru.a(apt.o)
 .text.aptExit  0x00000000001041ec      0x3b0 /opt/devkitpro/libctru/lib/libctru.a(apt.o)
                0x00000000001041ec                aptExit
 .text.aptHandleSleep
                0x000000000010459c       0xe0 /opt/devkitpro/libctru/lib/libctru.a(apt.o)
                0x000000000010459c                aptHandleSleep
 .text.APT_SleepIfShellClosed
                0x000000000010467c       0x84 /opt/devkitpro/libctru/lib/libctru.a(apt.o)
                0x000000000010467c                APT_SleepIfShellClosed
 .text.aptSetSleepAllowed
                0x0000000000104700       0x84 /opt/devkitpro/libctru/lib/libctru.a(apt.o)
                0x0000000000104700                aptSetSleepAllowed
 .text.APT_UnlockTransition
                0x0000000000104784       0x84 /opt/devkitpro/libctru/lib/libctru.a(apt.o)
                0x0000000000104784                APT_UnlockTransition
 .text.aptEventHandler
                0x0000000000104808      0x4a4 /opt/devkitpro/libctru/lib/libctru.a(apt.o)
 .text.APT_ReceiveParameter
                0x0000000000104cac       0xb0 /opt/devkitpro/libctru/lib/libctru.a(apt.o)
                0x0000000000104cac                APT_ReceiveParameter
 .text.aptReceiveParameter.constprop.0
                0x0000000000104d5c       0xb0 /opt/devkitpro/libctru/lib/libctru.a(apt.o)
 *fill*         0x0000000000104e0c        0x4 
 .text.aptScreenTransfer
                0x0000000000104e10      0x2ac /opt/devkitpro/libctru/lib/libctru.a(apt.o)
 .text.aptWaitForWakeUp.isra.0
                0x00000000001050bc      0x344 /opt/devkitpro/libctru/lib/libctru.a(apt.o)
 .text.aptJumpToHomeMenu
                0x0000000000105400      0x100 /opt/devkitpro/libctru/lib/libctru.a(apt.o)
                0x0000000000105400                aptJumpToHomeMenu
 .text.aptMainLoop
                0x0000000000105500       0x48 /opt/devkitpro/libctru/lib/libctru.a(apt.o)
                0x0000000000105500                aptMainLoop
 .text.aptInit  0x0000000000105548      0x22c /opt/devkitpro/libctru/lib/libctru.a(apt.o)
                0x0000000000105548                aptInit
 .text.APT_CheckNew3DS
                0x0000000000105774       0x7c /opt/devkitpro/libctru/lib/libctru.a(apt.o)
                0x0000000000105774                APT_CheckNew3DS
 .text.hidShouldUseIrrst
                0x00000000001057f0       0x24 /opt/devkitpro/libctru/lib/libctru.a(hid.o)
                0x00000000001057f0                hidShouldUseIrrst
 .text.hidInit  0x0000000000105814      0x18c /opt/devkitpro/libctru/lib/libctru.a(hid.o)
                0x0000000000105814                hidInit
 .text.hidExit  0x00000000001059a0       0xe8 /opt/devkitpro/libctru/lib/libctru.a(hid.o)
                0x00000000001059a0                hidExit
 .text.hidScanInput
                0x0000000000105a88      0x2a4 /opt/devkitpro/libctru/lib/libctru.a(hid.o)
                0x0000000000105a88                hidScanInput
 .text.hidKeysDown
                0x0000000000105d2c       0x10 /opt/devkitpro/libctru/lib/libctru.a(hid.o)
                0x0000000000105d2c                hidKeysDown
 .text.__libctru_init
                0x0000000000105d3c       0x38 /opt/devkitpro/libctru/lib/libctru.a(ctru_init.o)
                0x0000000000105d3c                __libctru_init
 .text.__system_initArgv
                0x0000000000105d74      0x170 /opt/devkitpro/libctru/lib/libctru.a(initArgv.o)
                0x0000000000105d74                __system_initArgv
 .text.svcControlMemory
                0x0000000000105ee4       0x20 /opt/devkitpro/libctru/lib/libctru.a(svc.o)
                0x0000000000105ee4                svcControlMemory
 .text.svcQueryMemory
                0x0000000000105f04       0x30 /opt/devkitpro/libctru/lib/libctru.a(svc.o)
                0x0000000000105f04                svcQueryMemory
 .text.svcExitProcess
                0x0000000000105f34        0x8 /opt/devkitpro/libctru/lib/libctru.a(svc.o)
                0x0000000000105f34                svcExitProcess
 .text.svcCreateThread
                0x0000000000105f3c       0x20 /opt/devkitpro/libctru/lib/libctru.a(svc.o)
                0x0000000000105f3c                svcCreateThread
 .text.svcExitThread
                0x0000000000105f5c        0x8 /opt/devkitpro/libctru/lib/libctru.a(svc.o)
                0x0000000000105f5c                svcExitThread
 .text.svcSleepThread
                0x0000000000105f64        0x8 /opt/devkitpro/libctru/lib/libctru.a(svc.o)
                0x0000000000105f64                svcSleepThread
 .text.svcReleaseMutex
                0x0000000000105f6c        0x8 /opt/devkitpro/libctru/lib/libctru.a(svc.o)
                0x0000000000105f6c                svcReleaseMutex
 .text.svcCreateEvent
                0x0000000000105f74       0x14 /opt/devkitpro/libctru/lib/libctru.a(svc.o)
                0x0000000000105f74                svcCreateEvent
 .text.svcSignalEvent
                0x0000000000105f88        0x8 /opt/devkitpro/libctru/lib/libctru.a(svc.o)
                0x0000000000105f88                svcSignalEvent
 .text.svcClearEvent
                0x0000000000105f90        0x8 /opt/devkitpro/libctru/lib/libctru.a(svc.o)
                0x0000000000105f90                svcClearEvent
 .text.svcMapMemoryBlock
                0x0000000000105f98        0x8 /opt/devkitpro/libctru/lib/libctru.a(svc.o)
                0x0000000000105f98                svcMapMemoryBlock
 .text.svcUnmapMemoryBlock
                0x0000000000105fa0        0x8 /opt/devkitpro/libctru/lib/libctru.a(svc.o)
                0x0000000000105fa0                svcUnmapMemoryBlock
 .text.svcCreateAddressArbiter
                0x0000000000105fa8       0x14 /opt/devkitpro/libctru/lib/libctru.a(svc.o)
                0x0000000000105fa8                svcCreateAddressArbiter
 .text.svcArbitrateAddressNoTimeout
                0x0000000000105fbc        0x8 /opt/devkitpro/libctru/lib/libctru.a(svc.o)
                0x0000000000105fbc                svcArbitrateAddressNoTimeout
 .text.svcCloseHandle
                0x0000000000105fc4        0x8 /opt/devkitpro/libctru/lib/libctru.a(svc.o)
                0x0000000000105fc4                svcCloseHandle
 .text.svcWaitSynchronization
                0x0000000000105fcc        0x8 /opt/devkitpro/libctru/lib/libctru.a(svc.o)
                0x0000000000105fcc                svcWaitSynchronization
 .text.svcWaitSynchronizationN
                0x0000000000105fd4       0x28 /opt/devkitpro/libctru/lib/libctru.a(svc.o)
                0x0000000000105fd4                svcWaitSynchronizationN
 .text.svcDuplicateHandle
                0x0000000000105ffc       0x14 /opt/devkitpro/libctru/lib/libctru.a(svc.o)
                0x0000000000105ffc                svcDuplicateHandle
 .text.svcConnectToPort
                0x0000000000106010       0x14 /opt/devkitpro/libctru/lib/libctru.a(svc.o)
                0x0000000000106010                svcConnectToPort
 .text.svcSendSyncRequest
                0x0000000000106024        0x8 /opt/devkitpro/libctru/lib/libctru.a(svc.o)
                0x0000000000106024                svcSendSyncRequest
 .text.svcGetResourceLimit
                0x000000000010602c       0x14 /opt/devkitpro/libctru/lib/libctru.a(svc.o)
                0x000000000010602c                svcGetResourceLimit
 .text.svcGetResourceLimitLimitValues
                0x0000000000106040        0x8 /opt/devkitpro/libctru/lib/libctru.a(svc.o)
                0x0000000000106040                svcGetResourceLimitLimitValues
 .text.svcGetResourceLimitCurrentValues
                0x0000000000106048        0x8 /opt/devkitpro/libctru/lib/libctru.a(svc.o)
                0x0000000000106048                svcGetResourceLimitCurrentValues
 .text.svcBreak
                0x0000000000106050        0x8 /opt/devkitpro/libctru/lib/libctru.a(svc.o)
                0x0000000000106050                svcBreak
 .text.initSystem
                0x0000000000106058       0x50 /opt/devkitpro/libctru/lib/libctru.a(stack_adjust.o)
                0x0000000000106058                initSystem
 .text.__ctru_exit
                0x00000000001060a8       0x18 /opt/devkitpro/libctru/lib/libctru.a(stack_adjust.o)
                0x00000000001060a8                __ctru_exit
 .text._ZL21addrMapNodeComparatorPK11rbtree_nodeS1_
                0x00000000001060c0       0x24 /opt/devkitpro/libctru/lib/libctru.a(vram.o)
 .text._ZL21addrMapNodeDestructorP11rbtree_node
                0x00000000001060e4        0x4 /opt/devkitpro/libctru/lib/libctru.a(vram.o)
 .text.vramMemAlignAt
                0x00000000001060e8      0x250 /opt/devkitpro/libctru/lib/libctru.a(vram.o)
                0x00000000001060e8                vramMemAlignAt
 .text.vramAlloc
                0x0000000000106338        0xc /opt/devkitpro/libctru/lib/libctru.a(vram.o)
                0x0000000000106338                vramAlloc
 .text.vramFree
                0x0000000000106344       0x90 /opt/devkitpro/libctru/lib/libctru.a(vram.o)
                0x0000000000106344                vramFree
 .text._ZL21addrMapNodeComparatorPK11rbtree_nodeS1_
                0x00000000001063d4       0x24 /opt/devkitpro/libctru/lib/libctru.a(linear.o)
 .text._ZL21addrMapNodeDestructorP11rbtree_node
                0x00000000001063f8        0x4 /opt/devkitpro/libctru/lib/libctru.a(linear.o)
 .text.linearMemAlign
                0x00000000001063fc      0x120 /opt/devkitpro/libctru/lib/libctru.a(linear.o)
                0x00000000001063fc                linearMemAlign
 .text.linearAlloc
                0x000000000010651c        0x8 /opt/devkitpro/libctru/lib/libctru.a(linear.o)
                0x000000000010651c                linearAlloc
 .text.linearFree
                0x0000000000106524       0x5c /opt/devkitpro/libctru/lib/libctru.a(linear.o)
                0x0000000000106524                linearFree
 .text._ZN7MemPool13CoalesceRightEP8MemBlock
                0x0000000000106580       0x80 /opt/devkitpro/libctru/lib/libctru.a(mem_pool.o)
                0x0000000000106580                MemPool::CoalesceRight(MemBlock*)
 .text._ZN7MemPool8AllocateER8MemChunkmi
                0x0000000000106600      0x16c /opt/devkitpro/libctru/lib/libctru.a(mem_pool.o)
                0x0000000000106600                MemPool::Allocate(MemChunk&, unsigned long, int)
 .text._ZN7MemPool10DeallocateERK8MemChunk
                0x000000000010676c       0xfc /opt/devkitpro/libctru/lib/libctru.a(mem_pool.o)
                0x000000000010676c                MemPool::Deallocate(MemChunk const&)
 .text._ZN7MemPool12GetFreeSpaceEv
                0x0000000000106868       0x30 /opt/devkitpro/libctru/lib/libctru.a(mem_pool.o)
                0x0000000000106868                MemPool::GetFreeSpace()
 .text.__sync_init
                0x0000000000106898        0xc /opt/devkitpro/libctru/lib/libctru.a(synchronization.o)
                0x0000000000106898                __sync_init
 .text.__sync_fini
                0x00000000001068a4       0x18 /opt/devkitpro/libctru/lib/libctru.a(synchronization.o)
                0x00000000001068a4                __sync_fini
 .text.syncArbitrateAddress
                0x00000000001068bc       0x2c /opt/devkitpro/libctru/lib/libctru.a(synchronization.o)
                0x00000000001068bc                syncArbitrateAddress
 .text.LightLock_Lock
                0x00000000001068e8       0xb0 /opt/devkitpro/libctru/lib/libctru.a(synchronization.o)
                0x00000000001068e8                LightLock_Lock
 .text.LightLock_Unlock
                0x0000000000106998       0x40 /opt/devkitpro/libctru/lib/libctru.a(synchronization.o)
                0x0000000000106998                LightLock_Unlock
 .text.RecursiveLock_Init
                0x00000000001069d8       0x24 /opt/devkitpro/libctru/lib/libctru.a(synchronization.o)
                0x00000000001069d8                RecursiveLock_Init
 .text.RecursiveLock_Lock
                0x00000000001069fc       0x30 /opt/devkitpro/libctru/lib/libctru.a(synchronization.o)
                0x00000000001069fc                RecursiveLock_Lock
 .text.RecursiveLock_Unlock
                0x0000000000106a2c       0x54 /opt/devkitpro/libctru/lib/libctru.a(synchronization.o)
                0x0000000000106a2c                RecursiveLock_Unlock
 .text.LightEvent_Init
                0x0000000000106a80       0x40 /opt/devkitpro/libctru/lib/libctru.a(synchronization.o)
                0x0000000000106a80                LightEvent_Init
 .text.LightEvent_Clear
                0x0000000000106ac0       0xa4 /opt/devkitpro/libctru/lib/libctru.a(synchronization.o)
                0x0000000000106ac0                LightEvent_Clear
 .text.LightEvent_Signal
                0x0000000000106b64       0xc8 /opt/devkitpro/libctru/lib/libctru.a(synchronization.o)
                0x0000000000106b64                LightEvent_Signal
 .text.LightEvent_TryWait
                0x0000000000106c2c       0x50 /opt/devkitpro/libctru/lib/libctru.a(synchronization.o)
                0x0000000000106c2c                LightEvent_TryWait
 .text.LightEvent_Wait
                0x0000000000106c7c       0xb0 /opt/devkitpro/libctru/lib/libctru.a(synchronization.o)
                0x0000000000106c7c                LightEvent_Wait
 .text.__ctru_speedup_config
                0x0000000000106d2c       0x34 /opt/devkitpro/libctru/lib/libctru.a(os.o)
                0x0000000000106d2c                __ctru_speedup_config
 .text.srvInit  0x0000000000106d60      0x130 /opt/devkitpro/libctru/lib/libctru.a(srv.o)
                0x0000000000106d60                srvInit
 .text.srvExit  0x0000000000106e90       0x58 /opt/devkitpro/libctru/lib/libctru.a(srv.o)
                0x0000000000106e90                srvExit
 .text.srvEnableNotification
                0x0000000000106ee8       0x60 /opt/devkitpro/libctru/lib/libctru.a(srv.o)
                0x0000000000106ee8                srvEnableNotification
 .text.srvGetServiceHandleDirect
                0x0000000000106f48       0xa0 /opt/devkitpro/libctru/lib/libctru.a(srv.o)
                0x0000000000106f48                srvGetServiceHandleDirect
 .text.srvGetServiceHandle
                0x0000000000106fe8       0x38 /opt/devkitpro/libctru/lib/libctru.a(srv.o)
                0x0000000000106fe8                srvGetServiceHandle
 .text.srvSubscribe
                0x0000000000107020       0x34 /opt/devkitpro/libctru/lib/libctru.a(srv.o)
                0x0000000000107020                srvSubscribe
 .text.srvReceiveNotification
                0x0000000000107054       0x60 /opt/devkitpro/libctru/lib/libctru.a(srv.o)
                0x0000000000107054                srvReceiveNotification
 .text.srvPublishToSubscriber
                0x00000000001070b4       0x38 /opt/devkitpro/libctru/lib/libctru.a(srv.o)
                0x00000000001070b4                srvPublishToSubscriber
 .text.threadCreate
                0x00000000001070ec      0x1d0 /opt/devkitpro/libctru/lib/libctru.a(thread.o)
                0x00000000001070ec                threadCreate
 .text.threadFree
                0x00000000001072bc       0x2c /opt/devkitpro/libctru/lib/libctru.a(thread.o)
                0x00000000001072bc                threadFree
 .text.threadJoin
                0x00000000001072e8       0x24 /opt/devkitpro/libctru/lib/libctru.a(thread.o)
                0x00000000001072e8                threadJoin
 .text.threadGetCurrent
                0x000000000010730c       0x30 /opt/devkitpro/libctru/lib/libctru.a(thread.o)
                0x000000000010730c                threadGetCurrent
 .text.threadExit
                0x000000000010733c       0x40 /opt/devkitpro/libctru/lib/libctru.a(thread.o)
                0x000000000010733c                threadExit
 .text._thread_begin
                0x000000000010737c       0x20 /opt/devkitpro/libctru/lib/libctru.a(thread.o)
 .text.mappableFindAddressWithin
                0x000000000010739c       0xb4 /opt/devkitpro/libctru/lib/libctru.a(mappable.o)
 .text.mappableInit
                0x0000000000107450       0x28 /opt/devkitpro/libctru/lib/libctru.a(mappable.o)
                0x0000000000107450                mappableInit
 .text.mappableAlloc
                0x0000000000107478       0x80 /opt/devkitpro/libctru/lib/libctru.a(mappable.o)
                0x0000000000107478                mappableAlloc
 .text.mappableFree
                0x00000000001074f8        0x4 /opt/devkitpro/libctru/lib/libctru.a(mappable.o)
                0x00000000001074f8                mappableFree
 .text.irrstInit
                0x00000000001074fc      0x164 /opt/devkitpro/libctru/lib/libctru.a(irrst.o)
                0x00000000001074fc                irrstInit
 .text.irrstExit
                0x0000000000107660       0xcc /opt/devkitpro/libctru/lib/libctru.a(irrst.o)
                0x0000000000107660                irrstExit
 .text.irrstScanInput
                0x000000000010772c       0xb4 /opt/devkitpro/libctru/lib/libctru.a(irrst.o)
                0x000000000010772c                irrstScanInput
 .text.irrstKeysHeld
                0x00000000001077e0       0x24 /opt/devkitpro/libctru/lib/libctru.a(irrst.o)
                0x00000000001077e0                irrstKeysHeld
 .text.srvPmGetSessionHandle
                0x0000000000107804        0xc /opt/devkitpro/libctru/lib/libctru.a(srvpm.o)
                0x0000000000107804                srvPmGetSessionHandle
 .text.ptmSysmInit
                0x0000000000107810       0x74 /opt/devkitpro/libctru/lib/libctru.a(ptmsysm.o)
                0x0000000000107810                ptmSysmInit
 .text.ptmSysmExit
                0x0000000000107884       0x3c /opt/devkitpro/libctru/lib/libctru.a(ptmsysm.o)
                0x0000000000107884                ptmSysmExit
 .text.PTMSYSM_ConfigureNew3DSCPU
                0x00000000001078c0       0x34 /opt/devkitpro/libctru/lib/libctru.a(ptmsysm.o)
                0x00000000001078c0                PTMSYSM_ConfigureNew3DSCPU
 .text.rbtree_init
                0x00000000001078f4       0x10 /opt/devkitpro/libctru/lib/libctru.a(rbtree_init.o)
                0x00000000001078f4                rbtree_init
 .text.do_insert
                0x0000000000107904      0x1b4 /opt/devkitpro/libctru/lib/libctru.a(rbtree_insert.o)
 .text.rbtree_insert
                0x0000000000107ab8        0x8 /opt/devkitpro/libctru/lib/libctru.a(rbtree_insert.o)
                0x0000000000107ab8                rbtree_insert
 .text.rbtree_rotate
                0x0000000000107ac0       0x90 /opt/devkitpro/libctru/lib/libctru.a(rbtree_rotate.o)
                0x0000000000107ac0                rbtree_rotate
 .text.rbtree_remove
                0x0000000000107b50      0x318 /opt/devkitpro/libctru/lib/libctru.a(rbtree_remove.o)
                0x0000000000107b50                rbtree_remove
 .text.rbtree_find
                0x0000000000107e68       0x74 /opt/devkitpro/libctru/lib/libctru.a(rbtree_find.o)
                0x0000000000107e68                rbtree_find
 .text.__appInit
                0x0000000000107edc       0x30 /opt/devkitpro/libctru/lib/libctru.a(appInit.o)
                0x0000000000107edc                __appInit
 .text.__syscall_getreent
                0x0000000000107f0c       0x30 /opt/devkitpro/libctru/lib/libctru.a(syscalls.o)
                0x0000000000107f0c                __syscall_getreent
 .text.__syscall_lock_acquire
                0x0000000000107f3c        0x4 /opt/devkitpro/libctru/lib/libctru.a(syscalls.o)
                0x0000000000107f3c                __syscall_lock_acquire
 .text.__syscall_lock_release
                0x0000000000107f40        0x4 /opt/devkitpro/libctru/lib/libctru.a(syscalls.o)
                0x0000000000107f40                __syscall_lock_release
 .text.__syscall_lock_init_recursive
                0x0000000000107f44        0x4 /opt/devkitpro/libctru/lib/libctru.a(syscalls.o)
                0x0000000000107f44                __syscall_lock_init_recursive
 .text.__syscall_lock_acquire_recursive
                0x0000000000107f48        0x4 /opt/devkitpro/libctru/lib/libctru.a(syscalls.o)
                0x0000000000107f48                __syscall_lock_acquire_recursive
 .text.__syscall_lock_release_recursive
                0x0000000000107f4c        0x4 /opt/devkitpro/libctru/lib/libctru.a(syscalls.o)
                0x0000000000107f4c                __syscall_lock_release_recursive
 .text.__syscall_exit
                0x0000000000107f50        0x4 /opt/devkitpro/libctru/lib/libctru.a(syscalls.o)
                0x0000000000107f50                __syscall_exit
 .text.initThreadVars
                0x0000000000107f54       0x50 /opt/devkitpro/libctru/lib/libctru.a(syscalls.o)
                0x0000000000107f54                initThreadVars
 .text.__system_initSyscalls
                0x0000000000107fa4       0x80 /opt/devkitpro/libctru/lib/libctru.a(syscalls.o)
                0x0000000000107fa4                __system_initSyscalls
 *fill*         0x0000000000108024        0x4 
 .text.__system_allocateHeaps
                0x0000000000108028      0x1e0 /opt/devkitpro/libctru/lib/libctru.a(allocateHeaps.o)
                0x0000000000108028                __system_allocateHeaps
 .text.__appExit
                0x0000000000108208       0x30 /opt/devkitpro/libctru/lib/libctru.a(appExit.o)
                0x0000000000108208                __appExit
 .text.__libctru_exit
                0x0000000000108238       0x90 /opt/devkitpro/libctru/lib/libctru.a(ctru_exit.o)
                0x0000000000108238                __libctru_exit
 .text.envGetHandle
                0x00000000001082c8       0x84 /opt/devkitpro/libctru/lib/libctru.a(env.o)
                0x00000000001082c8                envGetHandle
 .text.envDestroyHandles
                0x000000000010834c       0x50 /opt/devkitpro/libctru/lib/libctru.a(env.o)
                0x000000000010834c                envDestroyHandles
 .text.archive_link
                0x000000000010839c       0x14 /opt/devkitpro/libctru/lib/libctru.a(archive_dev.o)
 .text.archive_dirreset
                0x00000000001083b0       0x14 /opt/devkitpro/libctru/lib/libctru.a(archive_dev.o)
 .text.archive_chmod
                0x00000000001083c4       0x14 /opt/devkitpro/libctru/lib/libctru.a(archive_dev.o)
 .text.error_cmp
                0x00000000001083d8       0x24 /opt/devkitpro/libctru/lib/libctru.a(archive_dev.o)
 .text.archive_translate_error
                0x00000000001083fc       0x50 /opt/devkitpro/libctru/lib/libctru.a(archive_dev.o)
 .text.archive_seek
                0x000000000010844c       0xc8 /opt/devkitpro/libctru/lib/libctru.a(archive_dev.o)
 .text._archiveInit.part.0
                0x0000000000108514       0x7c /opt/devkitpro/libctru/lib/libctru.a(archive_dev.o)
 .text.archiveFindDevice.part.0
                0x0000000000108590       0xc4 /opt/devkitpro/libctru/lib/libctru.a(archive_dev.o)
 .text.archive_utf16path
                0x0000000000108654      0x25c /opt/devkitpro/libctru/lib/libctru.a(archive_dev.o)
 .text._archiveUnmountDeviceStruct.part.0
                0x00000000001088b0       0xa0 /opt/devkitpro/libctru/lib/libctru.a(archive_dev.o)
 .text.archive_fchmod
                0x0000000000108950       0x14 /opt/devkitpro/libctru/lib/libctru.a(archive_dev.o)
 .text.archive_statvfs
                0x0000000000108964       0x14 /opt/devkitpro/libctru/lib/libctru.a(archive_dev.o)
 .text._archiveMountDevice
                0x0000000000108978      0x164 /opt/devkitpro/libctru/lib/libctru.a(archive_dev.o)
 .text.archive_diropen
                0x0000000000108adc       0xe8 /opt/devkitpro/libctru/lib/libctru.a(archive_dev.o)
 .text.archive_fstat
                0x0000000000108bc4       0xa4 /opt/devkitpro/libctru/lib/libctru.a(archive_dev.o)
 .text.archive_close
                0x0000000000108c68       0x6c /opt/devkitpro/libctru/lib/libctru.a(archive_dev.o)
 .text.archive_fsync
                0x0000000000108cd4       0x6c /opt/devkitpro/libctru/lib/libctru.a(archive_dev.o)
 .text.archive_dirclose
                0x0000000000108d40       0x70 /opt/devkitpro/libctru/lib/libctru.a(archive_dev.o)
 .text.sdmc_statvfs
                0x0000000000108db0       0xe8 /opt/devkitpro/libctru/lib/libctru.a(archive_dev.o)
 .text.archive_chdir
                0x0000000000108e98       0xec /opt/devkitpro/libctru/lib/libctru.a(archive_dev.o)
 .text.archive_ftruncate
                0x0000000000108f84       0x7c /opt/devkitpro/libctru/lib/libctru.a(archive_dev.o)
 .text.archive_read
                0x0000000000109000       0xac /opt/devkitpro/libctru/lib/libctru.a(archive_dev.o)
 .text.archive_unlink
                0x00000000001090ac       0xa4 /opt/devkitpro/libctru/lib/libctru.a(archive_dev.o)
 .text.archive_rmdir
                0x0000000000109150       0xbc /opt/devkitpro/libctru/lib/libctru.a(archive_dev.o)
 .text.archive_mkdir
                0x000000000010920c       0xdc /opt/devkitpro/libctru/lib/libctru.a(archive_dev.o)
 .text.archive_stat
                0x00000000001092e8      0x19c /opt/devkitpro/libctru/lib/libctru.a(archive_dev.o)
 .text.archive_dirnext
                0x0000000000109484      0x15c /opt/devkitpro/libctru/lib/libctru.a(archive_dev.o)
 .text.archive_write
                0x00000000001095e0       0xec /opt/devkitpro/libctru/lib/libctru.a(archive_dev.o)
 .text.archive_open
                0x00000000001096cc      0x1d4 /opt/devkitpro/libctru/lib/libctru.a(archive_dev.o)
 .text.archive_rename
                0x00000000001098a0      0x278 /opt/devkitpro/libctru/lib/libctru.a(archive_dev.o)
 .text.archiveMountSdmc
                0x0000000000109b18      0x19c /opt/devkitpro/libctru/lib/libctru.a(archive_dev.o)
                0x0000000000109b18                archiveMountSdmc
 .text.archiveUnmountAll
                0x0000000000109cb4       0x54 /opt/devkitpro/libctru/lib/libctru.a(archive_dev.o)
                0x0000000000109cb4                archiveUnmountAll
 .text.fsInit   0x0000000000109d08       0xcc /opt/devkitpro/libctru/lib/libctru.a(fs.o)
                0x0000000000109d08                fsInit
 .text.fsExit   0x0000000000109dd4       0x3c /opt/devkitpro/libctru/lib/libctru.a(fs.o)
                0x0000000000109dd4                fsExit
 .text.fsExemptFromSession
                0x0000000000109e10       0x60 /opt/devkitpro/libctru/lib/libctru.a(fs.o)
                0x0000000000109e10                fsExemptFromSession
 .text.fsUnexemptFromSession
                0x0000000000109e70       0x50 /opt/devkitpro/libctru/lib/libctru.a(fs.o)
                0x0000000000109e70                fsUnexemptFromSession
 .text.FSUSER_OpenFile
                0x0000000000109ec0       0xcc /opt/devkitpro/libctru/lib/libctru.a(fs.o)
                0x0000000000109ec0                FSUSER_OpenFile
 .text.FSUSER_DeleteFile
                0x0000000000109f8c       0xbc /opt/devkitpro/libctru/lib/libctru.a(fs.o)
                0x0000000000109f8c                FSUSER_DeleteFile
 .text.FSUSER_RenameFile
                0x000000000010a048       0xf8 /opt/devkitpro/libctru/lib/libctru.a(fs.o)
                0x000000000010a048                FSUSER_RenameFile
 .text.FSUSER_DeleteDirectory
                0x000000000010a140       0xbc /opt/devkitpro/libctru/lib/libctru.a(fs.o)
                0x000000000010a140                FSUSER_DeleteDirectory
 .text.FSUSER_CreateFile
                0x000000000010a1fc       0xd4 /opt/devkitpro/libctru/lib/libctru.a(fs.o)
                0x000000000010a1fc                FSUSER_CreateFile
 .text.FSUSER_CreateDirectory
                0x000000000010a2d0       0xc4 /opt/devkitpro/libctru/lib/libctru.a(fs.o)
                0x000000000010a2d0                FSUSER_CreateDirectory
 .text.FSUSER_RenameDirectory
                0x000000000010a394       0xf8 /opt/devkitpro/libctru/lib/libctru.a(fs.o)
                0x000000000010a394                FSUSER_RenameDirectory
 .text.FSUSER_OpenDirectory
                0x000000000010a48c       0xb4 /opt/devkitpro/libctru/lib/libctru.a(fs.o)
                0x000000000010a48c                FSUSER_OpenDirectory
 .text.FSUSER_OpenArchive
                0x000000000010a540       0x98 /opt/devkitpro/libctru/lib/libctru.a(fs.o)
                0x000000000010a540                FSUSER_OpenArchive
 .text.FSUSER_CloseArchive
                0x000000000010a5d8       0x8c /opt/devkitpro/libctru/lib/libctru.a(fs.o)
                0x000000000010a5d8                FSUSER_CloseArchive
 .text.FSUSER_GetSdmcArchiveResource
                0x000000000010a664       0x74 /opt/devkitpro/libctru/lib/libctru.a(fs.o)
                0x000000000010a664                FSUSER_GetSdmcArchiveResource
 .text.FSUSER_IsSdmcWritable
                0x000000000010a6d8       0x64 /opt/devkitpro/libctru/lib/libctru.a(fs.o)
                0x000000000010a6d8                FSUSER_IsSdmcWritable
 .text.FSFILE_Read
                0x000000000010a73c       0x58 /opt/devkitpro/libctru/lib/libctru.a(fs.o)
                0x000000000010a73c                FSFILE_Read
 .text.FSFILE_Write
                0x000000000010a794       0x60 /opt/devkitpro/libctru/lib/libctru.a(fs.o)
                0x000000000010a794                FSFILE_Write
 .text.FSFILE_GetSize
                0x000000000010a7f4       0x3c /opt/devkitpro/libctru/lib/libctru.a(fs.o)
                0x000000000010a7f4                FSFILE_GetSize
 .text.FSFILE_SetSize
                0x000000000010a830       0x28 /opt/devkitpro/libctru/lib/libctru.a(fs.o)
                0x000000000010a830                FSFILE_SetSize
 .text.FSFILE_Close
                0x000000000010a858       0x3c /opt/devkitpro/libctru/lib/libctru.a(fs.o)
                0x000000000010a858                FSFILE_Close
 .text.FSFILE_Flush
                0x000000000010a894       0x24 /opt/devkitpro/libctru/lib/libctru.a(fs.o)
                0x000000000010a894                FSFILE_Flush
 .text.FSDIR_Read
                0x000000000010a8b8       0x50 /opt/devkitpro/libctru/lib/libctru.a(fs.o)
                0x000000000010a8b8                FSDIR_Read
 .text.FSDIR_Close
                0x000000000010a908       0x3c /opt/devkitpro/libctru/lib/libctru.a(fs.o)
                0x000000000010a908                FSDIR_Close
 .text.rbtree_node_next
                0x000000000010a944       0x5c /opt/devkitpro/libctru/lib/libctru.a(rbtree_iterator.o)
                0x000000000010a944                rbtree_node_next
 .text.utf16_to_utf8
                0x000000000010a9a0       0xe8 /opt/devkitpro/libctru/lib/libctru.a(utf16_to_utf8.o)
                0x000000000010a9a0                utf16_to_utf8
 .text.decode_utf16
                0x000000000010aa88       0x64 /opt/devkitpro/libctru/lib/libctru.a(decode_utf16.o)
                0x000000000010aa88                decode_utf16
 .text.decode_utf8
                0x000000000010aaec      0x13c /opt/devkitpro/libctru/lib/libctru.a(decode_utf8.o)
                0x000000000010aaec                decode_utf8
 .text.utf8_to_utf16
                0x000000000010ac28       0xc0 /opt/devkitpro/libctru/lib/libctru.a(utf8_to_utf16.o)
                0x000000000010ac28                utf8_to_utf16
 .text.__aeabi_read_tp
                0x000000000010ace8        0xc /opt/devkitpro/libctru/lib/libctru.a(readtp.o)
                0x000000000010ace8                __aeabi_read_tp
 .text.encode_utf16
                0x000000000010acf4       0x54 /opt/devkitpro/libctru/lib/libctru.a(encode_utf16.o)
                0x000000000010acf4                encode_utf16
 .text.encode_utf8
                0x000000000010ad48       0xe0 /opt/devkitpro/libctru/lib/libctru.a(encode_utf8.o)
                0x000000000010ad48                encode_utf8
 .text.__udivmoddi4
                0x000000000010ae28      0x120 /opt/devkitpro/devkitARM/bin/../lib/gcc/arm-none-eabi/12.2.0/armv6k/fpu/libgcc.a(_udivmoddi4.o)
                0x000000000010ae28                __udivmoddi4
 .text.bsearch  0x000000000010af48       0x78 /opt/devkitpro/devkitARM/bin/../lib/gcc/arm-none-eabi/12.2.0/../../../../arm-none-eabi/lib/armv6k/fpu/libg.a(lib_a-bsearch.o)
                0x000000000010af48                bsearch
 .text.__errno  0x000000000010afc0        0xc /opt/devkitpro/devkitARM/bin/../lib/gcc/arm-none-eabi/12.2.0/../../../../arm-none-eabi/lib/armv6k/fpu/libg.a(lib_a-errno.o)
                0x000000000010afc0                __errno
 .text.exit     0x000000000010afcc       0x34 /opt/devkitpro/devkitARM/bin/../lib/gcc/arm-none-eabi/12.2.0/../../../../arm-none-eabi/lib/armv6k/fpu/libg.a(lib_a-exit.o)
                0x000000000010afcc                exit
 .text.__sflush_r
                0x000000000010b000      0x234 /opt/devkitpro/devkitARM/bin/../lib/gcc/arm-none-eabi/12.2.0/../../../../arm-none-eabi/lib/armv6k/fpu/libg.a(lib_a-fflush.o)
                0x000000000010b000                __sflush_r
 .text._fflush_r
                0x000000000010b234       0x94 /opt/devkitpro/devkitARM/bin/../lib/gcc/arm-none-eabi/12.2.0/../../../../arm-none-eabi/lib/armv6k/fpu/libg.a(lib_a-fflush.o)
                0x000000000010b234                _fflush_r
 .text._cleanup_r
                0x000000000010b2c8        0xc /opt/devkitpro/devkitARM/bin/../lib/gcc/arm-none-eabi/12.2.0/../../../../arm-none-eabi/lib/armv6k/fpu/libg.a(lib_a-findfp.o)
                0x000000000010b2c8                _cleanup_r
 .text.__sinit  0x000000000010b2d4      0x184 /opt/devkitpro/devkitARM/bin/../lib/gcc/arm-none-eabi/12.2.0/../../../../arm-none-eabi/lib/armv6k/fpu/libg.a(lib_a-findfp.o)
                0x000000000010b2d4                __sinit
 .text.__sfp_lock_acquire
                0x000000000010b458        0xc /opt/devkitpro/devkitARM/bin/../lib/gcc/arm-none-eabi/12.2.0/../../../../arm-none-eabi/lib/armv6k/fpu/libg.a(lib_a-findfp.o)
                0x000000000010b458                __sfp_lock_acquire
 .text.__sfp_lock_release
                0x000000000010b464        0xc /opt/devkitpro/devkitARM/bin/../lib/gcc/arm-none-eabi/12.2.0/../../../../arm-none-eabi/lib/armv6k/fpu/libg.a(lib_a-findfp.o)
                0x000000000010b464                __sfp_lock_release
 .text.__libc_fini_array
                0x000000000010b470       0x3c /opt/devkitpro/devkitARM/bin/../lib/gcc/arm-none-eabi/12.2.0/../../../../arm-none-eabi/lib/armv6k/fpu/libg.a(lib_a-fini.o)
                0x000000000010b470                __libc_fini_array
 .text._malloc_trim_r
                0x000000000010b4ac       0xf8 /opt/devkitpro/devkitARM/bin/../lib/gcc/arm-none-eabi/12.2.0/../../../../arm-none-eabi/lib/armv6k/fpu/libg.a(lib_a-freer.o)
                0x000000000010b4ac                _malloc_trim_r
 .text._free_r  0x000000000010b5a4      0x2e8 /opt/devkitpro/devkitARM/bin/../lib/gcc/arm-none-eabi/12.2.0/../../../../arm-none-eabi/lib/armv6k/fpu/libg.a(lib_a-freer.o)
                0x000000000010b5a4                _free_r
 .text._fwalk_reent
                0x000000000010b88c       0x70 /opt/devkitpro/devkitARM/bin/../lib/gcc/arm-none-eabi/12.2.0/../../../../arm-none-eabi/lib/armv6k/fpu/libg.a(lib_a-fwalk.o)
                0x000000000010b88c                _fwalk_reent
 .text.__libc_init_array
                0x000000000010b8fc       0x84 /opt/devkitpro/devkitARM/bin/../lib/gcc/arm-none-eabi/12.2.0/../../../../arm-none-eabi/lib/armv6k/fpu/libg.a(lib_a-init.o)
                0x000000000010b8fc                __libc_init_array
 .text.memalign
                0x000000000010b980       0x20 /opt/devkitpro/devkitARM/bin/../lib/gcc/arm-none-eabi/12.2.0/../../../../arm-none-eabi/lib/armv6k/fpu/libg.a(lib_a-malign.o)
                0x000000000010b980                memalign
 .text._memalign_r
                0x000000000010b9a0      0x14c /opt/devkitpro/devkitARM/bin/../lib/gcc/arm-none-eabi/12.2.0/../../../../arm-none-eabi/lib/armv6k/fpu/libg.a(lib_a-malignr.o)
                0x000000000010b9a0                _memalign_r
 .text.malloc   0x000000000010baec       0x18 /opt/devkitpro/devkitARM/bin/../lib/gcc/arm-none-eabi/12.2.0/../../../../arm-none-eabi/lib/armv6k/fpu/libg.a(lib_a-malloc.o)
                0x000000000010baec                malloc
 .text.free     0x000000000010bb04       0x18 /opt/devkitpro/devkitARM/bin/../lib/gcc/arm-none-eabi/12.2.0/../../../../arm-none-eabi/lib/armv6k/fpu/libg.a(lib_a-malloc.o)
                0x000000000010bb04                free
 .text._malloc_r
                0x000000000010bb1c      0x7e4 /opt/devkitpro/devkitARM/bin/../lib/gcc/arm-none-eabi/12.2.0/../../../../arm-none-eabi/lib/armv6k/fpu/libg.a(lib_a-mallocr.o)
                0x000000000010bb1c                _malloc_r
 .text.memchr   0x000000000010c300       0xe4 /opt/devkitpro/devkitARM/bin/../lib/gcc/arm-none-eabi/12.2.0/../../../../arm-none-eabi/lib/armv6k/fpu/libg.a(lib_a-memchr-stub.o)
                0x000000000010c300                memchr
 .text.memcpy   0x000000000010c3e4      0x118 /opt/devkitpro/devkitARM/bin/../lib/gcc/arm-none-eabi/12.2.0/../../../../arm-none-eabi/lib/armv6k/fpu/libg.a(lib_a-memcpy-stub.o)
                0x000000000010c3e4                memcpy
 .text.memset   0x000000000010c4fc       0xf4 /opt/devkitpro/devkitARM/bin/../lib/gcc/arm-none-eabi/12.2.0/../../../../arm-none-eabi/lib/armv6k/fpu/libg.a(lib_a-memset.o)
                0x000000000010c4fc                memset
 .text.__malloc_lock
                0x000000000010c5f0        0xc /opt/devkitpro/devkitARM/bin/../lib/gcc/arm-none-eabi/12.2.0/../../../../arm-none-eabi/lib/armv6k/fpu/libg.a(lib_a-mlock.o)
                0x000000000010c5f0                __malloc_lock
 .text.__malloc_unlock
                0x000000000010c5fc        0xc /opt/devkitpro/devkitARM/bin/../lib/gcc/arm-none-eabi/12.2.0/../../../../arm-none-eabi/lib/armv6k/fpu/libg.a(lib_a-mlock.o)
                0x000000000010c5fc                __malloc_unlock
 .text.printf   0x000000000010c608       0x34 /opt/devkitpro/devkitARM/bin/../lib/gcc/arm-none-eabi/12.2.0/../../../../arm-none-eabi/lib/armv6k/fpu/libg.a(lib_a-printf.o)
                0x000000000010c608                printf
 .text._puts_r  0x000000000010c63c       0xe0 /opt/devkitpro/devkitARM/bin/../lib/gcc/arm-none-eabi/12.2.0/../../../../arm-none-eabi/lib/armv6k/fpu/libg.a(lib_a-puts.o)
                0x000000000010c63c                _puts_r
 .text.puts     0x000000000010c71c       0x18 /opt/devkitpro/devkitARM/bin/../lib/gcc/arm-none-eabi/12.2.0/../../../../arm-none-eabi/lib/armv6k/fpu/libg.a(lib_a-puts.o)
                0x000000000010c71c                puts
 .text.setvbuf  0x000000000010c734      0x25c /opt/devkitpro/devkitARM/bin/../lib/gcc/arm-none-eabi/12.2.0/../../../../arm-none-eabi/lib/armv6k/fpu/libg.a(lib_a-setvbuf.o)
                0x000000000010c734                setvbuf
 .text.sscanf   0x000000000010c990       0x74 /opt/devkitpro/devkitARM/bin/../lib/gcc/arm-none-eabi/12.2.0/../../../../arm-none-eabi/lib/armv6k/fpu/libg.a(lib_a-sscanf.o)
                0x000000000010c990                sscanf
 .text.__sread  0x000000000010ca04       0x44 /opt/devkitpro/devkitARM/bin/../lib/gcc/arm-none-eabi/12.2.0/../../../../arm-none-eabi/lib/armv6k/fpu/libg.a(lib_a-stdio.o)
                0x000000000010ca04                __sread
 .text.__seofread
                0x000000000010ca48        0x8 /opt/devkitpro/devkitARM/bin/../lib/gcc/arm-none-eabi/12.2.0/../../../../arm-none-eabi/lib/armv6k/fpu/libg.a(lib_a-stdio.o)
                0x000000000010ca48                __seofread
 .text.__swrite
                0x000000000010ca50       0x68 /opt/devkitpro/devkitARM/bin/../lib/gcc/arm-none-eabi/12.2.0/../../../../arm-none-eabi/lib/armv6k/fpu/libg.a(lib_a-stdio.o)
                0x000000000010ca50                __swrite
 .text.__sseek  0x000000000010cab8       0x44 /opt/devkitpro/devkitARM/bin/../lib/gcc/arm-none-eabi/12.2.0/../../../../arm-none-eabi/lib/armv6k/fpu/libg.a(lib_a-stdio.o)
                0x000000000010cab8                __sseek
 .text.__sclose
                0x000000000010cafc        0x8 /opt/devkitpro/devkitARM/bin/../lib/gcc/arm-none-eabi/12.2.0/../../../../arm-none-eabi/lib/armv6k/fpu/libg.a(lib_a-stdio.o)
                0x000000000010cafc                __sclose
 .text.strlen   0x000000000010cb04       0x5c /opt/devkitpro/devkitARM/bin/../lib/gcc/arm-none-eabi/12.2.0/../../../../arm-none-eabi/lib/armv6k/fpu/libg.a(lib_a-strlen-stub.o)
                0x000000000010cb04                strlen
 .text.strncat  0x000000000010cb60       0xe4 /opt/devkitpro/devkitARM/bin/../lib/gcc/arm-none-eabi/12.2.0/../../../../arm-none-eabi/lib/armv6k/fpu/libg.a(lib_a-strncat.o)
                0x000000000010cb60                strncat
 .text.strncmp  0x000000000010cc44       0xe4 /opt/devkitpro/devkitARM/bin/../lib/gcc/arm-none-eabi/12.2.0/../../../../arm-none-eabi/lib/armv6k/fpu/libg.a(lib_a-strncmp.o)
                0x000000000010cc44                strncmp
 .text.strncpy  0x000000000010cd28       0xc4 /opt/devkitpro/devkitARM/bin/../lib/gcc/arm-none-eabi/12.2.0/../../../../arm-none-eabi/lib/armv6k/fpu/libg.a(lib_a-strncpy.o)
                0x000000000010cd28                strncpy
 .text.strnlen  0x000000000010cdec       0x48 /opt/devkitpro/devkitARM/bin/../lib/gcc/arm-none-eabi/12.2.0/../../../../arm-none-eabi/lib/armv6k/fpu/libg.a(lib_a-strnlen.o)
                0x000000000010cdec                strnlen
 .text._strtoul_l.constprop.0
                0x000000000010ce34      0x1c4 /opt/devkitpro/devkitARM/bin/../lib/gcc/arm-none-eabi/12.2.0/../../../../arm-none-eabi/lib/armv6k/fpu/libg.a(lib_a-strtoul.o)
 .text._strtoul_r
                0x000000000010cff8        0x4 /opt/devkitpro/devkitARM/bin/../lib/gcc/arm-none-eabi/12.2.0/../../../../arm-none-eabi/lib/armv6k/fpu/libg.a(lib_a-strtoul.o)
                0x000000000010cff8                _strtoul_r
 .text.strtoul  0x000000000010cffc       0x28 /opt/devkitpro/devkitARM/bin/../lib/gcc/arm-none-eabi/12.2.0/../../../../arm-none-eabi/lib/armv6k/fpu/libg.a(lib_a-strtoul.o)
                0x000000000010cffc                strtoul
 .text.get_arg  0x000000000010d024       0x50 /opt/devkitpro/devkitARM/bin/../lib/gcc/arm-none-eabi/12.2.0/../../../../arm-none-eabi/lib/armv6k/fpu/libg.a(lib_a-svfscanf.o)
 .text.__ssvfscanf_r
                0x000000000010d074     0x2c38 /opt/devkitpro/devkitARM/bin/../lib/gcc/arm-none-eabi/12.2.0/../../../../arm-none-eabi/lib/armv6k/fpu/libg.a(lib_a-svfscanf.o)
                0x000000000010d074                __ssvfscanf_r
 .text.stat     0x000000000010fcac       0x20 /opt/devkitpro/devkitARM/bin/../lib/gcc/arm-none-eabi/12.2.0/../../../../arm-none-eabi/lib/armv6k/fpu/libg.a(lib_a-sysstat.o)
                0x000000000010fcac                stat
 .text.get_arg  0x000000000010fccc      0x66c /opt/devkitpro/devkitARM/bin/../lib/gcc/arm-none-eabi/12.2.0/../../../../arm-none-eabi/lib/armv6k/fpu/libg.a(lib_a-vfprintf.o)
 .text._vfprintf_r
                0x0000000000110338     0x339c /opt/devkitpro/devkitARM/bin/../lib/gcc/arm-none-eabi/12.2.0/../../../../arm-none-eabi/lib/armv6k/fpu/libg.a(lib_a-vfprintf.o)
                0x0000000000110338                _vfprintf_r
 .text.__sbprintf
                0x00000000001136d4       0xd0 /opt/devkitpro/devkitARM/bin/../lib/gcc/arm-none-eabi/12.2.0/../../../../arm-none-eabi/lib/armv6k/fpu/libg.a(lib_a-vfprintf.o)
 .text._wcrtomb_r
                0x00000000001137a4       0x54 /opt/devkitpro/devkitARM/bin/../lib/gcc/arm-none-eabi/12.2.0/../../../../arm-none-eabi/lib/armv6k/fpu/libg.a(lib_a-wcrtomb.o)
                0x00000000001137a4                _wcrtomb_r
 .text._wcsrtombs_r
                0x00000000001137f8       0x28 /opt/devkitpro/devkitARM/bin/../lib/gcc/arm-none-eabi/12.2.0/../../../../arm-none-eabi/lib/armv6k/fpu/libg.a(lib_a-wcsrtombs.o)
                0x00000000001137f8                _wcsrtombs_r
 .text.__swsetup_r
                0x0000000000113820      0x13c /opt/devkitpro/devkitARM/bin/../lib/gcc/arm-none-eabi/12.2.0/../../../../arm-none-eabi/lib/armv6k/fpu/libg.a(lib_a-wsetup.o)
                0x0000000000113820                __swsetup_r
 .text.__call_exitprocs
                0x000000000011395c      0x114 /opt/devkitpro/devkitARM/bin/../lib/gcc/arm-none-eabi/12.2.0/../../../../arm-none-eabi/lib/armv6k/fpu/libg.a(lib_a-__call_atexit.o)
                0x000000000011395c                __call_exitprocs
 .text.quorem   0x0000000000113a70      0x1b0 /opt/devkitpro/devkitARM/bin/../lib/gcc/arm-none-eabi/12.2.0/../../../../arm-none-eabi/lib/armv6k/fpu/libg.a(lib_a-dtoa.o)
 .text._dtoa_r  0x0000000000113c20     0x11f8 /opt/devkitpro/devkitARM/bin/../lib/gcc/arm-none-eabi/12.2.0/../../../../arm-none-eabi/lib/armv6k/fpu/libg.a(lib_a-dtoa.o)
                0x0000000000113c20                _dtoa_r
 .text._fclose_r
                0x0000000000114e18      0x15c /opt/devkitpro/devkitARM/bin/../lib/gcc/arm-none-eabi/12.2.0/../../../../arm-none-eabi/lib/armv6k/fpu/libg.a(lib_a-fclose.o)
                0x0000000000114e18                _fclose_r
 .text.__sfvwrite_r
                0x0000000000114f74      0x4b4 /opt/devkitpro/devkitARM/bin/../lib/gcc/arm-none-eabi/12.2.0/../../../../arm-none-eabi/lib/armv6k/fpu/libg.a(lib_a-fvwrite.o)
                0x0000000000114f74                __sfvwrite_r
 .text.iswspace
                0x0000000000115428        0x8 /opt/devkitpro/devkitARM/bin/../lib/gcc/arm-none-eabi/12.2.0/../../../../arm-none-eabi/lib/armv6k/fpu/libg.a(lib_a-iswspace.o)
                0x0000000000115428                iswspace
 .text._localeconv_r
                0x0000000000115430        0xc /opt/devkitpro/devkitARM/bin/../lib/gcc/arm-none-eabi/12.2.0/../../../../arm-none-eabi/lib/armv6k/fpu/libg.a(lib_a-localeconv.o)
                0x0000000000115430                _localeconv_r
 .text.__locale_mb_cur_max
                0x000000000011543c       0x10 /opt/devkitpro/devkitARM/bin/../lib/gcc/arm-none-eabi/12.2.0/../../../../arm-none-eabi/lib/armv6k/fpu/libg.a(lib_a-locale.o)
                0x000000000011543c                __locale_mb_cur_max
 .text.__smakebuf_r
                0x000000000011544c      0x138 /opt/devkitpro/devkitARM/bin/../lib/gcc/arm-none-eabi/12.2.0/../../../../arm-none-eabi/lib/armv6k/fpu/libg.a(lib_a-makebuf.o)
                0x000000000011544c                __smakebuf_r
 .text.__swhatbuf_r
                0x0000000000115584       0x8c /opt/devkitpro/devkitARM/bin/../lib/gcc/arm-none-eabi/12.2.0/../../../../arm-none-eabi/lib/armv6k/fpu/libg.a(lib_a-makebuf.o)
                0x0000000000115584                __swhatbuf_r
 .text._mbrtowc_r
                0x0000000000115610       0x68 /opt/devkitpro/devkitARM/bin/../lib/gcc/arm-none-eabi/12.2.0/../../../../arm-none-eabi/lib/armv6k/fpu/libg.a(lib_a-mbrtowc.o)
                0x0000000000115610                _mbrtowc_r
 .text.__utf8_mbtowc
                0x0000000000115678      0x2f8 /opt/devkitpro/devkitARM/bin/../lib/gcc/arm-none-eabi/12.2.0/../../../../arm-none-eabi/lib/armv6k/fpu/libg.a(lib_a-mbtowc_r.o)
                0x0000000000115678                __utf8_mbtowc
 .text.memmove  0x0000000000115970      0x150 /opt/devkitpro/devkitARM/bin/../lib/gcc/arm-none-eabi/12.2.0/../../../../arm-none-eabi/lib/armv6k/fpu/libg.a(lib_a-memmove.o)
                0x0000000000115970                memmove
 .text._Balloc  0x0000000000115ac0       0x88 /opt/devkitpro/devkitARM/bin/../lib/gcc/arm-none-eabi/12.2.0/../../../../arm-none-eabi/lib/armv6k/fpu/libg.a(lib_a-mprec.o)
                0x0000000000115ac0                _Balloc
 .text._Bfree   0x0000000000115b48       0x1c /opt/devkitpro/devkitARM/bin/../lib/gcc/arm-none-eabi/12.2.0/../../../../arm-none-eabi/lib/armv6k/fpu/libg.a(lib_a-mprec.o)
                0x0000000000115b48                _Bfree
 .text.__multadd
                0x0000000000115b64       0xf4 /opt/devkitpro/devkitARM/bin/../lib/gcc/arm-none-eabi/12.2.0/../../../../arm-none-eabi/lib/armv6k/fpu/libg.a(lib_a-mprec.o)
                0x0000000000115b64                __multadd
 .text.__s2b    0x0000000000115c58      0x110 /opt/devkitpro/devkitARM/bin/../lib/gcc/arm-none-eabi/12.2.0/../../../../arm-none-eabi/lib/armv6k/fpu/libg.a(lib_a-mprec.o)
                0x0000000000115c58                __s2b
 .text.__hi0bits
                0x0000000000115d68       0x60 /opt/devkitpro/devkitARM/bin/../lib/gcc/arm-none-eabi/12.2.0/../../../../arm-none-eabi/lib/armv6k/fpu/libg.a(lib_a-mprec.o)
                0x0000000000115d68                __hi0bits
 .text.__lo0bits
                0x0000000000115dc8       0x9c /opt/devkitpro/devkitARM/bin/../lib/gcc/arm-none-eabi/12.2.0/../../../../arm-none-eabi/lib/armv6k/fpu/libg.a(lib_a-mprec.o)
                0x0000000000115dc8                __lo0bits
 .text.__i2b    0x0000000000115e64       0xa8 /opt/devkitpro/devkitARM/bin/../lib/gcc/arm-none-eabi/12.2.0/../../../../arm-none-eabi/lib/armv6k/fpu/libg.a(lib_a-mprec.o)
                0x0000000000115e64                __i2b
 .text.__multiply
                0x0000000000115f0c      0x204 /opt/devkitpro/devkitARM/bin/../lib/gcc/arm-none-eabi/12.2.0/../../../../arm-none-eabi/lib/armv6k/fpu/libg.a(lib_a-mprec.o)
                0x0000000000115f0c                __multiply
 .text.__pow5mult
                0x0000000000116110      0x124 /opt/devkitpro/devkitARM/bin/../lib/gcc/arm-none-eabi/12.2.0/../../../../arm-none-eabi/lib/armv6k/fpu/libg.a(lib_a-mprec.o)
                0x0000000000116110                __pow5mult
 .text.__lshift
                0x0000000000116234      0x140 /opt/devkitpro/devkitARM/bin/../lib/gcc/arm-none-eabi/12.2.0/../../../../arm-none-eabi/lib/armv6k/fpu/libg.a(lib_a-mprec.o)
                0x0000000000116234                __lshift
 .text.__mcmp   0x0000000000116374       0x58 /opt/devkitpro/devkitARM/bin/../lib/gcc/arm-none-eabi/12.2.0/../../../../arm-none-eabi/lib/armv6k/fpu/libg.a(lib_a-mprec.o)
                0x0000000000116374                __mcmp
 .text.__mdiff  0x00000000001163cc      0x1ec /opt/devkitpro/devkitARM/bin/../lib/gcc/arm-none-eabi/12.2.0/../../../../arm-none-eabi/lib/armv6k/fpu/libg.a(lib_a-mprec.o)
                0x00000000001163cc                __mdiff
 .text.__ulp    0x00000000001165b8       0x68 /opt/devkitpro/devkitARM/bin/../lib/gcc/arm-none-eabi/12.2.0/../../../../arm-none-eabi/lib/armv6k/fpu/libg.a(lib_a-mprec.o)
                0x00000000001165b8                __ulp
 .text.__b2d    0x0000000000116620       0xd0 /opt/devkitpro/devkitARM/bin/../lib/gcc/arm-none-eabi/12.2.0/../../../../arm-none-eabi/lib/armv6k/fpu/libg.a(lib_a-mprec.o)
                0x0000000000116620                __b2d
 .text.__d2b    0x00000000001166f0      0x120 /opt/devkitpro/devkitARM/bin/../lib/gcc/arm-none-eabi/12.2.0/../../../../arm-none-eabi/lib/armv6k/fpu/libg.a(lib_a-mprec.o)
                0x00000000001166f0                __d2b
 .text.__ratio  0x0000000000116810       0x78 /opt/devkitpro/devkitARM/bin/../lib/gcc/arm-none-eabi/12.2.0/../../../../arm-none-eabi/lib/armv6k/fpu/libg.a(lib_a-mprec.o)
                0x0000000000116810                __ratio
 .text.__copybits
                0x0000000000116888       0x88 /opt/devkitpro/devkitARM/bin/../lib/gcc/arm-none-eabi/12.2.0/../../../../arm-none-eabi/lib/armv6k/fpu/libg.a(lib_a-mprec.o)
                0x0000000000116888                __copybits
 .text.__any_on
                0x0000000000116910       0x5c /opt/devkitpro/devkitARM/bin/../lib/gcc/arm-none-eabi/12.2.0/../../../../arm-none-eabi/lib/armv6k/fpu/libg.a(lib_a-mprec.o)
                0x0000000000116910                __any_on
 .text.realloc  0x000000000011696c       0x20 /opt/devkitpro/devkitARM/bin/../lib/gcc/arm-none-eabi/12.2.0/../../../../arm-none-eabi/lib/armv6k/fpu/libg.a(lib_a-realloc.o)
                0x000000000011696c                realloc
 .text._realloc_r
                0x000000000011698c      0x4a0 /opt/devkitpro/devkitARM/bin/../lib/gcc/arm-none-eabi/12.2.0/../../../../arm-none-eabi/lib/armv6k/fpu/libg.a(lib_a-reallocr.o)
                0x000000000011698c                _realloc_r
 .text.__sccl   0x0000000000116e2c       0xf4 /opt/devkitpro/devkitARM/bin/../lib/gcc/arm-none-eabi/12.2.0/../../../../arm-none-eabi/lib/armv6k/fpu/libg.a(lib_a-sccl.o)
                0x0000000000116e2c                __sccl
 .text.nanf     0x0000000000116f20        0xc /opt/devkitpro/devkitARM/bin/../lib/gcc/arm-none-eabi/12.2.0/../../../../arm-none-eabi/lib/armv6k/fpu/libg.a(lib_a-sf_nan.o)
                0x0000000000116f20                nanf
 *fill*         0x0000000000116f2c        0x4 
 .text.frexp    0x0000000000116f30       0x88 /opt/devkitpro/devkitARM/bin/../lib/gcc/arm-none-eabi/12.2.0/../../../../arm-none-eabi/lib/armv6k/fpu/libg.a(lib_a-s_frexp.o)
                0x0000000000116f30                frexp
 .text.sprintf  0x0000000000116fb8       0x64 /opt/devkitpro/devkitARM/bin/../lib/gcc/arm-none-eabi/12.2.0/../../../../arm-none-eabi/lib/armv6k/fpu/libg.a(lib_a-sprintf.o)
                0x0000000000116fb8                sprintf
 .text.stpncpy  0x000000000011701c       0xcc /opt/devkitpro/devkitARM/bin/../lib/gcc/arm-none-eabi/12.2.0/../../../../arm-none-eabi/lib/armv6k/fpu/libg.a(lib_a-stpncpy.o)
                0x000000000011701c                stpncpy
 .text.strchr   0x00000000001170e8      0x130 /opt/devkitpro/devkitARM/bin/../lib/gcc/arm-none-eabi/12.2.0/../../../../arm-none-eabi/lib/armv6k/fpu/libg.a(lib_a-strchr.o)
                0x00000000001170e8                strchr
 .text.sulp     0x0000000000117218       0x64 /opt/devkitpro/devkitARM/bin/../lib/gcc/arm-none-eabi/12.2.0/../../../../arm-none-eabi/lib/armv6k/fpu/libg.a(lib_a-strtod.o)
 *fill*         0x000000000011727c        0x4 
 .text._strtod_l
                0x0000000000117280     0x13a8 /opt/devkitpro/devkitARM/bin/../lib/gcc/arm-none-eabi/12.2.0/../../../../arm-none-eabi/lib/armv6k/fpu/libg.a(lib_a-strtod.o)
                0x0000000000117280                _strtod_l
 .text._strtod_r
                0x0000000000118628        0xc /opt/devkitpro/devkitARM/bin/../lib/gcc/arm-none-eabi/12.2.0/../../../../arm-none-eabi/lib/armv6k/fpu/libg.a(lib_a-strtod.o)
                0x0000000000118628                _strtod_r
 .text._strtoll_l.constprop.0
                0x0000000000118634      0x22c /opt/devkitpro/devkitARM/bin/../lib/gcc/arm-none-eabi/12.2.0/../../../../arm-none-eabi/lib/armv6k/fpu/libg.a(lib_a-strtoll.o)
 .text._strtoll_r
                0x0000000000118860        0x4 /opt/devkitpro/devkitARM/bin/../lib/gcc/arm-none-eabi/12.2.0/../../../../arm-none-eabi/lib/armv6k/fpu/libg.a(lib_a-strtoll.o)
                0x0000000000118860                _strtoll_r
 .text._strtol_l.part.0
                0x0000000000118864      0x1a4 /opt/devkitpro/devkitARM/bin/../lib/gcc/arm-none-eabi/12.2.0/../../../../arm-none-eabi/lib/armv6k/fpu/libg.a(lib_a-strtol.o)
 .text._strtol_r
                0x0000000000118a08       0x3c /opt/devkitpro/devkitARM/bin/../lib/gcc/arm-none-eabi/12.2.0/../../../../arm-none-eabi/lib/armv6k/fpu/libg.a(lib_a-strtol.o)
                0x0000000000118a08                _strtol_r
 .text._strtoull_l.constprop.0
                0x0000000000118a44      0x244 /opt/devkitpro/devkitARM/bin/../lib/gcc/arm-none-eabi/12.2.0/../../../../arm-none-eabi/lib/armv6k/fpu/libg.a(lib_a-strtoull.o)
 .text._strtoull_r
                0x0000000000118c88        0x4 /opt/devkitpro/devkitARM/bin/../lib/gcc/arm-none-eabi/12.2.0/../../../../arm-none-eabi/lib/armv6k/fpu/libg.a(lib_a-strtoull.o)
                0x0000000000118c88                _strtoull_r
 .text.__ssprint_r
                0x0000000000118c8c      0x188 /opt/devkitpro/devkitARM/bin/../lib/gcc/arm-none-eabi/12.2.0/../../../../arm-none-eabi/lib/armv6k/fpu/libg.a(lib_a-svfiprintf.o)
                0x0000000000118c8c                __ssprint_r
 .text._sungetc_r
                0x0000000000118e14       0xd4 /opt/devkitpro/devkitARM/bin/../lib/gcc/arm-none-eabi/12.2.0/../../../../arm-none-eabi/lib/armv6k/fpu/libg.a(lib_a-svfiscanf.o)
                0x0000000000118e14                _sungetc_r
 .text.__ssrefill_r
                0x0000000000118ee8       0x6c /opt/devkitpro/devkitARM/bin/../lib/gcc/arm-none-eabi/12.2.0/../../../../arm-none-eabi/lib/armv6k/fpu/libg.a(lib_a-svfiscanf.o)
                0x0000000000118ee8                __ssrefill_r
 .text._sfread_r
                0x0000000000118f54       0xc4 /opt/devkitpro/devkitARM/bin/../lib/gcc/arm-none-eabi/12.2.0/../../../../arm-none-eabi/lib/armv6k/fpu/libg.a(lib_a-svfiscanf.o)
                0x0000000000118f54                _sfread_r
 .text.get_arg  0x0000000000119018      0x66c /opt/devkitpro/devkitARM/bin/../lib/gcc/arm-none-eabi/12.2.0/../../../../arm-none-eabi/lib/armv6k/fpu/libg.a(lib_a-svfprintf.o)
 *fill*         0x0000000000119684        0x4 
 .text._svfprintf_r
                0x0000000000119688     0x3334 /opt/devkitpro/devkitARM/bin/../lib/gcc/arm-none-eabi/12.2.0/../../../../arm-none-eabi/lib/armv6k/fpu/libg.a(lib_a-svfprintf.o)
                0x0000000000119688                _svfprintf_r
 .text.__submore
                0x000000000011c9bc       0xa8 /opt/devkitpro/devkitARM/bin/../lib/gcc/arm-none-eabi/12.2.0/../../../../arm-none-eabi/lib/armv6k/fpu/libg.a(lib_a-ungetc.o)
                0x000000000011c9bc                __submore
 .text.get_arg  0x000000000011ca64      0x66c /opt/devkitpro/devkitARM/bin/../lib/gcc/arm-none-eabi/12.2.0/../../../../arm-none-eabi/lib/armv6k/fpu/libg.a(lib_a-vfiprintf.o)
 .text.__sprint_r
                0x000000000011d0d0       0x30 /opt/devkitpro/devkitARM/bin/../lib/gcc/arm-none-eabi/12.2.0/../../../../arm-none-eabi/lib/armv6k/fpu/libg.a(lib_a-vfiprintf.o)
                0x000000000011d0d0                __sprint_r
 .text._vfiprintf_r
                0x000000000011d100     0x22ec /opt/devkitpro/devkitARM/bin/../lib/gcc/arm-none-eabi/12.2.0/../../../../arm-none-eabi/lib/armv6k/fpu/libg.a(lib_a-vfiprintf.o)
                0x000000000011d100                _vfiprintf_r
 .text.__sbprintf
                0x000000000011f3ec       0xd0 /opt/devkitpro/devkitARM/bin/../lib/gcc/arm-none-eabi/12.2.0/../../../../arm-none-eabi/lib/armv6k/fpu/libg.a(lib_a-vfiprintf.o)
 .text._wcsnrtombs_l
                0x000000000011f4bc      0x188 /opt/devkitpro/devkitARM/bin/../lib/gcc/arm-none-eabi/12.2.0/../../../../arm-none-eabi/lib/armv6k/fpu/libg.a(lib_a-wcsnrtombs.o)
                0x000000000011f4bc                _wcsnrtombs_l
 .text._wcsnrtombs_r
                0x000000000011f644       0x4c /opt/devkitpro/devkitARM/bin/../lib/gcc/arm-none-eabi/12.2.0/../../../../arm-none-eabi/lib/armv6k/fpu/libg.a(lib_a-wcsnrtombs.o)
                0x000000000011f644                _wcsnrtombs_r
 .text.__utf8_wctomb
                0x000000000011f690       0xf0 /opt/devkitpro/devkitARM/bin/../lib/gcc/arm-none-eabi/12.2.0/../../../../arm-none-eabi/lib/armv6k/fpu/libg.a(lib_a-wctomb_r.o)
                0x000000000011f690                __utf8_wctomb
 .text.__assert_func
                0x000000000011f780       0x5c /opt/devkitpro/devkitARM/bin/../lib/gcc/arm-none-eabi/12.2.0/../../../../arm-none-eabi/lib/armv6k/fpu/libg.a(lib_a-assert.o)
                0x000000000011f780                __assert_func
 .text._calloc_r
                0x000000000011f7dc       0xc0 /opt/devkitpro/devkitARM/bin/../lib/gcc/arm-none-eabi/12.2.0/../../../../arm-none-eabi/lib/armv6k/fpu/libg.a(lib_a-callocr.o)
                0x000000000011f7dc                _calloc_r
 .text.fiprintf
                0x000000000011f89c       0x3c /opt/devkitpro/devkitARM/bin/../lib/gcc/arm-none-eabi/12.2.0/../../../../arm-none-eabi/lib/armv6k/fpu/libg.a(lib_a-fiprintf.o)
                0x000000000011f89c                fiprintf
 .text.rshift   0x000000000011f8d8       0xf0 /opt/devkitpro/devkitARM/bin/../lib/gcc/arm-none-eabi/12.2.0/../../../../arm-none-eabi/lib/armv6k/fpu/libg.a(lib_a-gdtoa-gethex.o)
 .text.__gethex
                0x000000000011f9c8      0x814 /opt/devkitpro/devkitARM/bin/../lib/gcc/arm-none-eabi/12.2.0/../../../../arm-none-eabi/lib/armv6k/fpu/libg.a(lib_a-gdtoa-gethex.o)
                0x000000000011f9c8                __gethex
 .text.__match  0x00000000001201dc       0x4c /opt/devkitpro/devkitARM/bin/../lib/gcc/arm-none-eabi/12.2.0/../../../../arm-none-eabi/lib/armv6k/fpu/libg.a(lib_a-gdtoa-hexnan.o)
                0x00000000001201dc                __match
 .text.__hexnan
                0x0000000000120228      0x29c /opt/devkitpro/devkitARM/bin/../lib/gcc/arm-none-eabi/12.2.0/../../../../arm-none-eabi/lib/armv6k/fpu/libg.a(lib_a-gdtoa-hexnan.o)
                0x0000000000120228                __hexnan
 .text.iswspace_l
                0x00000000001204c4       0x3c /opt/devkitpro/devkitARM/bin/../lib/gcc/arm-none-eabi/12.2.0/../../../../arm-none-eabi/lib/armv6k/fpu/libg.a(lib_a-iswspace_l.o)
                0x00000000001204c4                iswspace_l
 .text.__jp2uc  0x0000000000120500      0x1d8 /opt/devkitpro/devkitARM/bin/../lib/gcc/arm-none-eabi/12.2.0/../../../../arm-none-eabi/lib/armv6k/fpu/libg.a(lib_a-jp2uc.o)
 .text._jp2uc_l
                0x00000000001206d8       0x9c /opt/devkitpro/devkitARM/bin/../lib/gcc/arm-none-eabi/12.2.0/../../../../arm-none-eabi/lib/armv6k/fpu/libg.a(lib_a-jp2uc.o)
                0x00000000001206d8                _jp2uc_l
 *fill*         0x0000000000120774        0x4 
 .text.nan      0x0000000000120778       0x10 /opt/devkitpro/devkitARM/bin/../lib/gcc/arm-none-eabi/12.2.0/../../../../arm-none-eabi/lib/armv6k/fpu/libg.a(lib_a-s_nan.o)
                0x0000000000120778                nan
 .text.abort    0x0000000000120788       0x14 /opt/devkitpro/devkitARM/bin/../lib/gcc/arm-none-eabi/12.2.0/../../../../arm-none-eabi/lib/armv6k/fpu/libg.a(lib_a-abort.o)
                0x0000000000120788                abort
 .text.category
                0x000000000012079c       0x8c /opt/devkitpro/devkitARM/bin/../lib/gcc/arm-none-eabi/12.2.0/../../../../arm-none-eabi/lib/armv6k/fpu/libg.a(lib_a-categories.o)
                0x000000000012079c                category
 .text._raise_r
                0x0000000000120828       0x90 /opt/devkitpro/devkitARM/bin/../lib/gcc/arm-none-eabi/12.2.0/../../../../arm-none-eabi/lib/armv6k/fpu/libg.a(lib_a-signal.o)
                0x0000000000120828                _raise_r
 .text.raise    0x00000000001208b8       0x18 /opt/devkitpro/devkitARM/bin/../lib/gcc/arm-none-eabi/12.2.0/../../../../arm-none-eabi/lib/armv6k/fpu/libg.a(lib_a-signal.o)
                0x00000000001208b8                raise
 .text.null_write
                0x00000000001208d0        0x8 /opt/devkitpro/devkitARM/bin/../lib/gcc/arm-none-eabi/12.2.0/../../../../arm-none-eabi/lib/armv6k/fpu/libsysbase.a(iosupport.o)
 .text.setDefaultDevice
                0x00000000001208d8       0x18 /opt/devkitpro/devkitARM/bin/../lib/gcc/arm-none-eabi/12.2.0/../../../../arm-none-eabi/lib/armv6k/fpu/libsysbase.a(iosupport.o)
                0x00000000001208d8                setDefaultDevice
 .text.FindDevice
                0x00000000001208f0       0xc8 /opt/devkitpro/devkitARM/bin/../lib/gcc/arm-none-eabi/12.2.0/../../../../arm-none-eabi/lib/armv6k/fpu/libsysbase.a(iosupport.o)
                0x00000000001208f0                FindDevice
 .text.RemoveDevice
                0x00000000001209b8       0x28 /opt/devkitpro/devkitARM/bin/../lib/gcc/arm-none-eabi/12.2.0/../../../../arm-none-eabi/lib/armv6k/fpu/libsysbase.a(iosupport.o)
                0x00000000001209b8                RemoveDevice
 .text.AddDevice
                0x00000000001209e0       0x9c /opt/devkitpro/devkitARM/bin/../lib/gcc/arm-none-eabi/12.2.0/../../../../arm-none-eabi/lib/armv6k/fpu/libsysbase.a(iosupport.o)
                0x00000000001209e0                AddDevice
 .text.GetDeviceOpTab
                0x0000000000120a7c       0x20 /opt/devkitpro/devkitARM/bin/../lib/gcc/arm-none-eabi/12.2.0/../../../../arm-none-eabi/lib/armv6k/fpu/libsysbase.a(iosupport.o)
                0x0000000000120a7c                GetDeviceOpTab
 .text._fstat_r
                0x0000000000120a9c       0x78 /opt/devkitpro/devkitARM/bin/../lib/gcc/arm-none-eabi/12.2.0/../../../../arm-none-eabi/lib/armv6k/fpu/libsysbase.a(fstat.o)
                0x0000000000120a9c                _fstat_r
 .text._getpid_r
                0x0000000000120b14       0x14 /opt/devkitpro/devkitARM/bin/../lib/gcc/arm-none-eabi/12.2.0/../../../../arm-none-eabi/lib/armv6k/fpu/libsysbase.a(getpid.o)
                0x0000000000120b14                _getpid_r
 .text._isatty_r
                0x0000000000120b28        0x8 /opt/devkitpro/devkitARM/bin/../lib/gcc/arm-none-eabi/12.2.0/../../../../arm-none-eabi/lib/armv6k/fpu/libsysbase.a(isatty.o)
                0x0000000000120b28                _isatty_r
 .text._kill_r  0x0000000000120b30       0x14 /opt/devkitpro/devkitARM/bin/../lib/gcc/arm-none-eabi/12.2.0/../../../../arm-none-eabi/lib/armv6k/fpu/libsysbase.a(kill.o)
                0x0000000000120b30                _kill_r
 .text._lseek_r
                0x0000000000120b44       0x84 /opt/devkitpro/devkitARM/bin/../lib/gcc/arm-none-eabi/12.2.0/../../../../arm-none-eabi/lib/armv6k/fpu/libsysbase.a(lseek.o)
                0x0000000000120b44                _lseek_r
 .text._read_r  0x0000000000120bc8       0x80 /opt/devkitpro/devkitARM/bin/../lib/gcc/arm-none-eabi/12.2.0/../../../../arm-none-eabi/lib/armv6k/fpu/libsysbase.a(read.o)
                0x0000000000120bc8                _read_r
 .text._sbrk_r  0x0000000000120c48       0x78 /opt/devkitpro/devkitARM/bin/../lib/gcc/arm-none-eabi/12.2.0/../../../../arm-none-eabi/lib/armv6k/fpu/libsysbase.a(sbrk.o)
                0x0000000000120c48                _sbrk_r
 .text._stat_r  0x0000000000120cc0       0x6c /opt/devkitpro/devkitARM/bin/../lib/gcc/arm-none-eabi/12.2.0/../../../../arm-none-eabi/lib/armv6k/fpu/libsysbase.a(stat.o)
                0x0000000000120cc0                _stat_r
 .text._write_r
                0x0000000000120d2c       0x80 /opt/devkitpro/devkitARM/bin/../lib/gcc/arm-none-eabi/12.2.0/../../../../arm-none-eabi/lib/armv6k/fpu/libsysbase.a(write.o)
                0x0000000000120d2c                _write_r
 .text._exit    0x0000000000120dac       0x20 /opt/devkitpro/devkitARM/bin/../lib/gcc/arm-none-eabi/12.2.0/../../../../arm-none-eabi/lib/armv6k/fpu/libsysbase.a(_exit.o)
                0x0000000000120dac                _exit
 .text._concatenate_path
                0x0000000000120dcc      0x1a4 /opt/devkitpro/devkitARM/bin/../lib/gcc/arm-none-eabi/12.2.0/../../../../arm-none-eabi/lib/armv6k/fpu/libsysbase.a(chdir.o)
                0x0000000000120dcc                _concatenate_path
 .text.chdir    0x0000000000120f70      0x140 /opt/devkitpro/devkitARM/bin/../lib/gcc/arm-none-eabi/12.2.0/../../../../arm-none-eabi/lib/armv6k/fpu/libsysbase.a(chdir.o)
                0x0000000000120f70                chdir
 .text.mkdir    0x00000000001210b0       0x60 /opt/devkitpro/devkitARM/bin/../lib/gcc/arm-none-eabi/12.2.0/../../../../arm-none-eabi/lib/armv6k/fpu/libsysbase.a(mkdir.o)
                0x00000000001210b0                mkdir
 .text.__flockfile
                0x0000000000121110        0x8 /opt/devkitpro/devkitARM/bin/../lib/gcc/arm-none-eabi/12.2.0/../../../../arm-none-eabi/lib/armv6k/fpu/libsysbase.a(flock.o)
                0x0000000000121110                __flockfile
 .text.__funlockfile
                0x0000000000121118        0x8 /opt/devkitpro/devkitARM/bin/../lib/gcc/arm-none-eabi/12.2.0/../../../../arm-none-eabi/lib/armv6k/fpu/libsysbase.a(flock.o)
                0x0000000000121118                __funlockfile
 .text.__get_handle
                0x0000000000121120       0x3c /opt/devkitpro/devkitARM/bin/../lib/gcc/arm-none-eabi/12.2.0/../../../../arm-none-eabi/lib/armv6k/fpu/libsysbase.a(handle_manager.o)
                0x0000000000121120                __get_handle
 .text._close_r
                0x000000000012115c       0xf4 /opt/devkitpro/devkitARM/bin/../lib/gcc/arm-none-eabi/12.2.0/../../../../arm-none-eabi/lib/armv6k/fpu/libsysbase.a(handle_manager.o)
                0x000000000012115c                _close_r
 .text.__getreent
                0x0000000000121250       0x2c /opt/devkitpro/devkitARM/bin/../lib/gcc/arm-none-eabi/12.2.0/../../../../arm-none-eabi/lib/armv6k/fpu/libsysbase.a(getreent.o)
                0x0000000000121250                __getreent
 .text.__libc_lock_acquire
                0x000000000012127c       0x1c /opt/devkitpro/devkitARM/bin/../lib/gcc/arm-none-eabi/12.2.0/../../../../arm-none-eabi/lib/armv6k/fpu/libsysbase.a(syscall_support.o)
                0x000000000012127c                __libc_lock_acquire
 .text.__libc_lock_release
                0x0000000000121298       0x1c /opt/devkitpro/devkitARM/bin/../lib/gcc/arm-none-eabi/12.2.0/../../../../arm-none-eabi/lib/armv6k/fpu/libsysbase.a(syscall_support.o)
                0x0000000000121298                __libc_lock_release
 .text.__libc_lock_init_recursive
                0x00000000001212b4       0x1c /opt/devkitpro/devkitARM/bin/../lib/gcc/arm-none-eabi/12.2.0/../../../../arm-none-eabi/lib/armv6k/fpu/libsysbase.a(syscall_support.o)
                0x00000000001212b4                __libc_lock_init_recursive
 .text.__libc_lock_acquire_recursive
                0x00000000001212d0       0x1c /opt/devkitpro/devkitARM/bin/../lib/gcc/arm-none-eabi/12.2.0/../../../../arm-none-eabi/lib/armv6k/fpu/libsysbase.a(syscall_support.o)
                0x00000000001212d0                __libc_lock_acquire_recursive
 .text.__libc_lock_release_recursive
                0x00000000001212ec       0x1c /opt/devkitpro/devkitARM/bin/../lib/gcc/arm-none-eabi/12.2.0/../../../../arm-none-eabi/lib/armv6k/fpu/libsysbase.a(syscall_support.o)
                0x00000000001212ec                __libc_lock_release_recursive
 .text.__libc_lock_close_recursive
                0x0000000000121308       0x1c /opt/devkitpro/devkitARM/bin/../lib/gcc/arm-none-eabi/12.2.0/../../../../arm-none-eabi/lib/armv6k/fpu/libsysbase.a(syscall_support.o)
                0x0000000000121308                __libc_lock_close_recursive
 .text.__fixdfdi
                0x0000000000121324       0x38 /opt/devkitpro/devkitARM/bin/../lib/gcc/arm-none-eabi/12.2.0/armv6k/fpu/libgcc.a(_fixdfdi.o)
                0x0000000000121324                __aeabi_d2lz
                0x0000000000121324                __fixdfdi
 *fill*         0x000000000012135c        0x4 
 .text.__fixunsdfdi
                0x0000000000121360       0x40 /opt/devkitpro/devkitARM/bin/../lib/gcc/arm-none-eabi/12.2.0/armv6k/fpu/libgcc.a(_fixunsdfdi.o)
                0x0000000000121360                __aeabi_d2ulz
                0x0000000000121360                __fixunsdfdi
 .text.strrchr  0x00000000001213a0       0x48 /opt/devkitpro/devkitARM/bin/../lib/gcc/arm-none-eabi/12.2.0/../../../../arm-none-eabi/lib/armv6k/fpu/libg.a(lib_a-strrchr.o)
                0x00000000001213a0                strrchr
 *(.glue_7)
 .glue_7        0x00000000001213e8        0x0 linker stubs
 *(.glue_7t)
 .glue_7t       0x00000000001213e8        0x0 linker stubs
 *(.stub)
 *(.gnu.warning)
 *(.gnu.linkonce.t*)
                0x00000000001213e8                . = ALIGN (0x4)
 *(.fini)
 .fini          0x00000000001213e8        0xc /opt/devkitpro/devkitARM/bin/../lib/gcc/arm-none-eabi/12.2.0/armv6k/fpu/crti.o
                0x00000000001213e8                _fini
 .fini          0x00000000001213f4        0xc /opt/devkitpro/devkitARM/bin/../lib/gcc/arm-none-eabi/12.2.0/armv6k/fpu/crtn.o
                0x0000000000121400                . = ALIGN (0x4)

.vfp11_veneer   0x0000000000121400        0x0
 .vfp11_veneer  0x0000000000121400        0x0 linker stubs

.v4_bx          0x0000000000121400        0x0
 .v4_bx         0x0000000000121400        0x0 linker stubs

.iplt           0x0000000000121400        0x0
 .iplt          0x0000000000121400        0x0 /opt/devkitpro/devkitARM/bin/../lib/gcc/arm-none-eabi/12.2.0/../../../../arm-none-eabi/lib/armv6k/fpu/3dsx_crt0.o
                0x0000000000122000                . = ALIGN (0x1000)

.rodata         0x0000000000122000     0x7ef8
 *(.rodata)
 .rodata        0x0000000000122000        0x3 /opt/devkitpro/libctru/lib/libctru.a(apt.o)
 *fill*         0x0000000000122003        0x1 
 .rodata        0x0000000000122004        0xc /opt/devkitpro/libctru/lib/libctru.a(archive_dev.o)
 *(.roda)
 *(.rodata.*)
 .rodata.str1.4
                0x0000000000122010      0x1a1 main.o
 *fill*         0x00000000001221b1        0x3 
 .rodata.str1.4
                0x00000000001221b4       0xb4 menus.o
                                         0xc4 (size before relaxing)
 .rodata.parseColor.str1.4
                0x0000000000122268       0x1b /opt/devkitpro/libctru/lib/libctru.a(console.o)
 *fill*         0x0000000000122283        0x1 
 .rodata.con_write.str1.4
                0x0000000000122284       0x4a /opt/devkitpro/libctru/lib/libctru.a(console.o)
 *fill*         0x00000000001222ce        0x2 
 .rodata.str1.4
                0x00000000001222d0       0x10 /opt/devkitpro/libctru/lib/libctru.a(console.o)
 .rodata.dotab_stdout
                0x00000000001222e0       0x70 /opt/devkitpro/libctru/lib/libctru.a(console.o)
 .rodata.grayScale
                0x0000000000122350       0x18 /opt/devkitpro/libctru/lib/libctru.a(console.o)
 .rodata.colorCube
                0x0000000000122368        0x6 /opt/devkitpro/libctru/lib/libctru.a(console.o)
 *fill*         0x000000000012236e        0x2 
 .rodata.colorTable
                0x0000000000122370       0x30 /opt/devkitpro/libctru/lib/libctru.a(console.o)
 .rodata.gspInit.str1.4
                0x00000000001223a0        0x9 /opt/devkitpro/libctru/lib/libctru.a(gspgpu.o)
 *fill*         0x00000000001223a9        0x3 
 .rodata.aptSendCommand.str1.4
                0x00000000001223ac       0x16 /opt/devkitpro/libctru/lib/libctru.a(apt.o)
 *fill*         0x00000000001223c2        0x2 
 .rodata.morton_y.2
                0x00000000001223c4        0x8 /opt/devkitpro/libctru/lib/libctru.a(apt.o)
 .rodata.morton_x.3
                0x00000000001223cc        0x8 /opt/devkitpro/libctru/lib/libctru.a(apt.o)
 .rodata.s_sleepWakeEvents.4
                0x00000000001223d4        0x8 /opt/devkitpro/libctru/lib/libctru.a(apt.o)
 .rodata.hidInit.str1.4
                0x00000000001223dc       0x15 /opt/devkitpro/libctru/lib/libctru.a(hid.o)
 *fill*         0x00000000001223f1        0x3 
 .rodata.__system_initArgv.str1.4
                0x00000000001223f4        0xa /opt/devkitpro/libctru/lib/libctru.a(initArgv.o)
 *fill*         0x00000000001223fe        0x2 
 .rodata.default_font_bin
                0x0000000000122400      0x800 /opt/devkitpro/libctru/lib/libctru.a(default_font.bin.o)
                0x0000000000122400                default_font_bin
                0x0000000000122c00                default_font_bin_end
 .rodata.srvInit.str1.4
                0x0000000000122c00        0x5 /opt/devkitpro/libctru/lib/libctru.a(srv.o)
 *fill*         0x0000000000122c05        0x3 
 .rodata.irrstInit.str1.4
                0x0000000000122c08        0x7 /opt/devkitpro/libctru/lib/libctru.a(irrst.o)
 *fill*         0x0000000000122c0f        0x1 
 .rodata.ptmSysmInit.str1.4
                0x0000000000122c10        0x9 /opt/devkitpro/libctru/lib/libctru.a(ptmsysm.o)
 *fill*         0x0000000000122c19        0x3 
 .rodata._archiveUnmountDeviceStruct.part.0.str1.4
                0x0000000000122c1c        0x2 /opt/devkitpro/libctru/lib/libctru.a(archive_dev.o)
 *fill*         0x0000000000122c1e        0x2 
 .rodata._archiveMountDevice.str1.4
                0x0000000000122c20        0x8 /opt/devkitpro/libctru/lib/libctru.a(archive_dev.o)
                                          0xc (size before relaxing)
 .rodata.archiveMountSdmc.str1.4
                0x0000000000122c28        0x5 /opt/devkitpro/libctru/lib/libctru.a(archive_dev.o)
 *fill*         0x0000000000122c2d        0x3 
 .rodata.error_table
                0x0000000000122c30       0x30 /opt/devkitpro/libctru/lib/libctru.a(archive_dev.o)
 .rodata.str1.4
                0x0000000000122c60        0x8 /opt/devkitpro/libctru/lib/libctru.a(archive_dev.o)
 .rodata.archive_devoptab
                0x0000000000122c68       0x70 /opt/devkitpro/libctru/lib/libctru.a(archive_dev.o)
 .rodata.fsInit.str1.4
                0x0000000000122cd8        0x8 /opt/devkitpro/libctru/lib/libctru.a(fs.o)
 .rodata._global_impure_ptr
                0x0000000000122ce0        0x4 /opt/devkitpro/devkitARM/bin/../lib/gcc/arm-none-eabi/12.2.0/../../../../arm-none-eabi/lib/armv6k/fpu/libg.a(lib_a-impure.o)
                0x0000000000122ce0                _global_impure_ptr
 .rodata._puts_r.str1.4
                0x0000000000122ce4        0x2 /opt/devkitpro/devkitARM/bin/../lib/gcc/arm-none-eabi/12.2.0/../../../../arm-none-eabi/lib/armv6k/fpu/libg.a(lib_a-puts.o)
 .rodata.__ssvfscanf_r.str1.1
                0x0000000000122ce6        0x5 /opt/devkitpro/devkitARM/bin/../lib/gcc/arm-none-eabi/12.2.0/../../../../arm-none-eabi/lib/armv6k/fpu/libg.a(lib_a-svfscanf.o)
                                          0x6 (size before relaxing)
 *fill*         0x0000000000122ceb        0x1 
 .rodata.basefix.0
                0x0000000000122cec       0x22 /opt/devkitpro/devkitARM/bin/../lib/gcc/arm-none-eabi/12.2.0/../../../../arm-none-eabi/lib/armv6k/fpu/libg.a(lib_a-svfscanf.o)
 .rodata._vfprintf_r.str1.1
                0x0000000000122d0e       0x3b /opt/devkitpro/devkitARM/bin/../lib/gcc/arm-none-eabi/12.2.0/../../../../arm-none-eabi/lib/armv6k/fpu/libg.a(lib_a-vfprintf.o)
 *fill*         0x0000000000122d49        0x3 
 .rodata.zeroes.0
                0x0000000000122d4c       0x10 /opt/devkitpro/devkitARM/bin/../lib/gcc/arm-none-eabi/12.2.0/../../../../arm-none-eabi/lib/armv6k/fpu/libg.a(lib_a-vfprintf.o)
 .rodata.blanks.1
                0x0000000000122d5c       0x10 /opt/devkitpro/devkitARM/bin/../lib/gcc/arm-none-eabi/12.2.0/../../../../arm-none-eabi/lib/armv6k/fpu/libg.a(lib_a-vfprintf.o)
 .rodata._ctype_
                0x0000000000122d6c      0x101 /opt/devkitpro/devkitARM/bin/../lib/gcc/arm-none-eabi/12.2.0/../../../../arm-none-eabi/lib/armv6k/fpu/libg.a(lib_a-ctype_.o)
                0x0000000000122d6c                _ctype_
 *fill*         0x0000000000122e6d        0x3 
 .rodata._dtoa_r.str1.4
                0x0000000000122e70       0x70 /opt/devkitpro/devkitARM/bin/../lib/gcc/arm-none-eabi/12.2.0/../../../../arm-none-eabi/lib/armv6k/fpu/libg.a(lib_a-dtoa.o)
 .rodata.str1.4
                0x0000000000122ee0       0x44 /opt/devkitpro/devkitARM/bin/../lib/gcc/arm-none-eabi/12.2.0/../../../../arm-none-eabi/lib/armv6k/fpu/libg.a(lib_a-locale.o)
                                         0x4c (size before relaxing)
 .rodata._mbrtowc_r.str1.4
                0x0000000000122f24        0x1 /opt/devkitpro/devkitARM/bin/../lib/gcc/arm-none-eabi/12.2.0/../../../../arm-none-eabi/lib/armv6k/fpu/libg.a(lib_a-mbrtowc.o)
 .rodata.__multadd.str1.4
                0x0000000000122f24       0x49 /opt/devkitpro/devkitARM/bin/../lib/gcc/arm-none-eabi/12.2.0/../../../../arm-none-eabi/lib/armv6k/fpu/libg.a(lib_a-mprec.o)
                                         0x5d (size before relaxing)
 *fill*         0x0000000000122f6d        0x3 
 .rodata.p05.0  0x0000000000122f70        0xc /opt/devkitpro/devkitARM/bin/../lib/gcc/arm-none-eabi/12.2.0/../../../../arm-none-eabi/lib/armv6k/fpu/libg.a(lib_a-mprec.o)
 *fill*         0x0000000000122f7c        0x4 
 .rodata.__mprec_bigtens
                0x0000000000122f80       0x28 /opt/devkitpro/devkitARM/bin/../lib/gcc/arm-none-eabi/12.2.0/../../../../arm-none-eabi/lib/armv6k/fpu/libg.a(lib_a-mprec.o)
                0x0000000000122f80                __mprec_bigtens
 .rodata.__mprec_tens
                0x0000000000122fa8       0xc8 /opt/devkitpro/devkitARM/bin/../lib/gcc/arm-none-eabi/12.2.0/../../../../arm-none-eabi/lib/armv6k/fpu/libg.a(lib_a-mprec.o)
                0x0000000000122fa8                __mprec_tens
 .rodata._strtod_l.str1.4
                0x0000000000123070        0xf /opt/devkitpro/devkitARM/bin/../lib/gcc/arm-none-eabi/12.2.0/../../../../arm-none-eabi/lib/armv6k/fpu/libg.a(lib_a-strtod.o)
                                         0x15 (size before relaxing)
 *fill*         0x000000000012307f        0x1 
 .rodata.fpinan.0
                0x0000000000123080       0x14 /opt/devkitpro/devkitARM/bin/../lib/gcc/arm-none-eabi/12.2.0/../../../../arm-none-eabi/lib/armv6k/fpu/libg.a(lib_a-strtod.o)
 .rodata.fpi.1  0x0000000000123094       0x14 /opt/devkitpro/devkitARM/bin/../lib/gcc/arm-none-eabi/12.2.0/../../../../arm-none-eabi/lib/armv6k/fpu/libg.a(lib_a-strtod.o)
 .rodata.tinytens
                0x00000000001230a8       0x28 /opt/devkitpro/devkitARM/bin/../lib/gcc/arm-none-eabi/12.2.0/../../../../arm-none-eabi/lib/armv6k/fpu/libg.a(lib_a-strtod.o)
 .rodata.__action_table
                0x00000000001230d0       0x6c /opt/devkitpro/devkitARM/bin/../lib/gcc/arm-none-eabi/12.2.0/../../../../arm-none-eabi/lib/armv6k/fpu/libg.a(lib_a-svfiprintf.o)
                0x00000000001230d0                __action_table
 .rodata.__state_table
                0x000000000012313c       0x6c /opt/devkitpro/devkitARM/bin/../lib/gcc/arm-none-eabi/12.2.0/../../../../arm-none-eabi/lib/armv6k/fpu/libg.a(lib_a-svfiprintf.o)
                0x000000000012313c                __state_table
 .rodata.__chclass
                0x00000000001231a8      0x100 /opt/devkitpro/devkitARM/bin/../lib/gcc/arm-none-eabi/12.2.0/../../../../arm-none-eabi/lib/armv6k/fpu/libg.a(lib_a-svfiprintf.o)
                0x00000000001231a8                __chclass
 .rodata._svfprintf_r.str1.1
                0x00000000001232a8       0x3b /opt/devkitpro/devkitARM/bin/../lib/gcc/arm-none-eabi/12.2.0/../../../../arm-none-eabi/lib/armv6k/fpu/libg.a(lib_a-svfprintf.o)
 .rodata.zeroes.0
                0x00000000001232a8       0x10 /opt/devkitpro/devkitARM/bin/../lib/gcc/arm-none-eabi/12.2.0/../../../../arm-none-eabi/lib/armv6k/fpu/libg.a(lib_a-svfprintf.o)
 .rodata.blanks.1
                0x00000000001232b8       0x10 /opt/devkitpro/devkitARM/bin/../lib/gcc/arm-none-eabi/12.2.0/../../../../arm-none-eabi/lib/armv6k/fpu/libg.a(lib_a-svfprintf.o)
 .rodata._vfiprintf_r.str1.1
                0x00000000001232c8       0x29 /opt/devkitpro/devkitARM/bin/../lib/gcc/arm-none-eabi/12.2.0/../../../../arm-none-eabi/lib/armv6k/fpu/libg.a(lib_a-vfiprintf.o)
 .rodata.zeroes.0
                0x00000000001232c8       0x10 /opt/devkitpro/devkitARM/bin/../lib/gcc/arm-none-eabi/12.2.0/../../../../arm-none-eabi/lib/armv6k/fpu/libg.a(lib_a-vfiprintf.o)
 .rodata.blanks.1
                0x00000000001232d8       0x10 /opt/devkitpro/devkitARM/bin/../lib/gcc/arm-none-eabi/12.2.0/../../../../arm-none-eabi/lib/armv6k/fpu/libg.a(lib_a-vfiprintf.o)
 .rodata.__assert_func.str1.4
                0x00000000001232e8       0x3f /opt/devkitpro/devkitARM/bin/../lib/gcc/arm-none-eabi/12.2.0/../../../../arm-none-eabi/lib/armv6k/fpu/libg.a(lib_a-assert.o)
                                         0x43 (size before relaxing)
 *fill*         0x0000000000123327        0x1 
 .rodata.__gethex.str1.4
                0x0000000000123328       0x50 /opt/devkitpro/devkitARM/bin/../lib/gcc/arm-none-eabi/12.2.0/../../../../arm-none-eabi/lib/armv6k/fpu/libg.a(lib_a-gdtoa-gethex.o)
                                         0x68 (size before relaxing)
 .rodata.__hexdig
                0x0000000000123378      0x100 /opt/devkitpro/devkitARM/bin/../lib/gcc/arm-none-eabi/12.2.0/../../../../arm-none-eabi/lib/armv6k/fpu/libg.a(lib_a-gdtoa-gethex.o)
                0x0000000000123378                __hexdig
 .rodata._jp2uc_l.str1.4
                0x0000000000123478       0x12 /opt/devkitpro/devkitARM/bin/../lib/gcc/arm-none-eabi/12.2.0/../../../../arm-none-eabi/lib/armv6k/fpu/libg.a(lib_a-jp2uc.o)